kafka3-1  | [2026-03-17 09:42:06,649] INFO [LocalLog partition=9689940FCFFE928A747A0649F3C58A843FBB376293CC3D874C7D568E909E-4, dir=/tmp/kafka-logs/9689940FCFFE928A747A0649F3C58A843FBB376293CC3D874C7D568E909E-4] Rolled new log segment at offset 36426 in 1 ms. (org.apache.kafka.storage.internals.log.LocalLog)
kafka3-1  | [2026-03-17 09:42:06,649] INFO [ProducerStateManager partition=9689940FCFFE928A747A0649F3C58A843FBB376293CC3D874C7D568E909E-4] Wrote producer snapshot at offset 36426 with 2 producer ids in 0 ms. (org.apache.kafka.storage.internals.log.ProducerStateManager)
kafka3-1  | [2026-03-17 09:42:06,649] INFO [UnifiedLog partition=9689940FCFFE928A747A0649F3C58A843FBB376293CC3D874C7D568E909E-4, dir=/tmp/kafka-logs] Incremented log start offset to 36426 due to segment deletion (org.apache.kafka.storage.internals.log.UnifiedLog)
kafka3-1  | [2026-03-17 09:42:06,649] INFO [UnifiedLog partition=9689940FCFFE928A747A0649F3C58A843FBB376293CC3D874C7D568E909E-4, dir=/tmp/kafka-logs] Deleting segment LogSegment(baseOffset=0, size=41750594, lastModifiedTime=1773736921526, largestRecordTimestamp=1773736921514) due to log retention time 3600000ms breach based on the largest record timestamp in the segment (org.apache.kafka.storage.internals.log.UnifiedLog)
kafka1-1  | [2026-03-17 09:42:06,650] INFO [LocalLog partition=ED2DC4F141FA549DFA02396634027C4CAEA5672EFF9227E31D3F5C0B0AB1-5, dir=/tmp/kafka-logs/ED2DC4F141FA549DFA02396634027C4CAEA5672EFF9227E31D3F5C0B0AB1-5] Rolled new log segment at offset 27235 in 3 ms. (org.apache.kafka.storage.internals.log.LocalLog)
kafka1-1  | [2026-03-17 09:42:06,650] INFO [ProducerStateManager partition=ED2DC4F141FA549DFA02396634027C4CAEA5672EFF9227E31D3F5C0B0AB1-5] Wrote producer snapshot at offset 27235 with 2 producer ids in 0 ms. (org.apache.kafka.storage.internals.log.ProducerStateManager)
kafka1-1  | [2026-03-17 09:42:06,650] INFO [UnifiedLog partition=ED2DC4F141FA549DFA02396634027C4CAEA5672EFF9227E31D3F5C0B0AB1-5, dir=/tmp/kafka-logs] Incremented log start offset to 27235 due to segment deletion (org.apache.kafka.storage.internals.log.UnifiedLog)
kafka1-1  | [2026-03-17 09:42:06,650] INFO [UnifiedLog partition=ED2DC4F141FA549DFA02396634027C4CAEA5672EFF9227E31D3F5C0B0AB1-5, dir=/tmp/kafka-logs] Deleting segment LogSegment(baseOffset=0, size=31311076, lastModifiedTime=1773736921562, largestRecordTimestamp=1773736921514) due to log retention time 3600000ms breach based on the largest record timestamp in the segment (org.apache.kafka.storage.internals.log.UnifiedLog)
kafka1-1  | [2026-03-17 09:42:06,651] INFO [LocalLog partition=9689940FCFFE928A747A0649F3C58A843FBB376293CC3D874C7D568E909E-3, dir=/tmp/kafka-logs/9689940FCFFE928A747A0649F3C58A843FBB376293CC3D874C7D568E909E-3] Rolled new log segment at offset 36597 in 1 ms. (org.apache.kafka.storage.internals.log.LocalLog)
kafka1-1  | [2026-03-17 09:42:06,651] INFO [ProducerStateManager partition=9689940FCFFE928A747A0649F3C58A843FBB376293CC3D874C7D568E909E-3] Wrote producer snapshot at offset 36597 with 2 producer ids in 0 ms. (org.apache.kafka.storage.internals.log.ProducerStateManager)
kafka1-1  | [2026-03-17 09:42:06,651] INFO [UnifiedLog partition=9689940FCFFE928A747A0649F3C58A843FBB376293CC3D874C7D568E909E-3, dir=/tmp/kafka-logs] Incremented log start offset to 36597 due to segment deletion (org.apache.kafka.storage.internals.log.UnifiedLog)
kafka1-1  | [2026-03-17 09:42:06,651] INFO [UnifiedLog partition=9689940FCFFE928A747A0649F3C58A843FBB376293CC3D874C7D568E909E-3, dir=/tmp/kafka-logs] Deleting segment LogSegment(baseOffset=0, size=41946822, lastModifiedTime=1773736921582, largestRecordTimestamp=1773736921536) due to log retention time 3600000ms breach based on the largest record timestamp in the segment (org.apache.kafka.storage.internals.log.UnifiedLog)
kafka1-1  | [2026-03-17 09:42:06,651] INFO [UnifiedLog partition=ED2DC4F141FA549DFA02396634027C4CAEA5672EFF9227E31D3F5C0B0AB1-4, dir=/tmp/kafka-logs] Incremented log start offset to 27151 due to leader offset increment (org.apache.kafka.storage.internals.log.UnifiedLog)
kafka3-1  | [2026-03-17 09:42:06,651] INFO [LocalLog partition=F356AC14287850E81FCABEBCD35A3D5676E7333480C5459F12EA31987385-1, dir=/tmp/kafka-logs/F356AC14287850E81FCABEBCD35A3D5676E7333480C5459F12EA31987385-1] Rolled new log segment at offset 23576 in 1 ms. (org.apache.kafka.storage.internals.log.LocalLog)
kafka3-1  | [2026-03-17 09:42:06,651] INFO [ProducerStateManager partition=F356AC14287850E81FCABEBCD35A3D5676E7333480C5459F12EA31987385-1] Wrote producer snapshot at offset 23576 with 2 producer ids in 0 ms. (org.apache.kafka.storage.internals.log.ProducerStateManager)
kafka3-1  | [2026-03-17 09:42:06,651] INFO [UnifiedLog partition=F356AC14287850E81FCABEBCD35A3D5676E7333480C5459F12EA31987385-1, dir=/tmp/kafka-logs] Incremented log start offset to 23576 due to segment deletion (org.apache.kafka.storage.internals.log.UnifiedLog)
kafka3-1  | [2026-03-17 09:42:06,651] INFO [UnifiedLog partition=F356AC14287850E81FCABEBCD35A3D5676E7333480C5459F12EA31987385-1, dir=/tmp/kafka-logs] Deleting segment LogSegment(baseOffset=0, size=27163499, lastModifiedTime=1773736921806, largestRecordTimestamp=1773736921806) due to log retention time 3600000ms breach based on the largest record timestamp in the segment (org.apache.kafka.storage.internals.log.UnifiedLog)
kafka3-1  | [2026-03-17 09:42:06,653] INFO [LocalLog partition=ABB77DCCBA3AE2E8E1553FF3D25EE3227EAAF97299E5D4FB2A071A226D35-3, dir=/tmp/kafka-logs/ABB77DCCBA3AE2E8E1553FF3D25EE3227EAAF97299E5D4FB2A071A226D35-3] Rolled new log segment at offset 18416 in 1 ms. (org.apache.kafka.storage.internals.log.LocalLog)
kafka3-1  | [2026-03-17 09:42:06,653] INFO [UnifiedLog partition=ABB77DCCBA3AE2E8E1553FF3D25EE3227EAAF97299E5D4FB2A071A226D35-3, dir=/tmp/kafka-logs] Deleting segment LogSegment(baseOffset=0, size=21242627, lastModifiedTime=1773736922019, largestRecordTimestamp=1773736921775) due to log retention time 3600000ms breach based on the largest record timestamp in the segment (org.apache.kafka.storage.internals.log.UnifiedLog)
kafka3-1  | [2026-03-17 09:42:06,654] INFO [LocalLog partition=F356AC14287850E81FCABEBCD35A3D5676E7333480C5459F12EA31987385-3, dir=/tmp/kafka-logs/F356AC14287850E81FCABEBCD35A3D5676E7333480C5459F12EA31987385-3] Rolled new log segment at offset 23670 in 1 ms. (org.apache.kafka.storage.internals.log.LocalLog)
kafka3-1  | [2026-03-17 09:42:06,654] INFO [ProducerStateManager partition=F356AC14287850E81FCABEBCD35A3D5676E7333480C5459F12EA31987385-3] Wrote producer snapshot at offset 23670 with 2 producer ids in 0 ms. (org.apache.kafka.storage.internals.log.ProducerStateManager)
kafka1-1  | [2026-03-17 09:42:06,654] INFO [LocalLog partition=ED2DC4F141FA549DFA02396634027C4CAEA5672EFF9227E31D3F5C0B0AB1-4, dir=/tmp/kafka-logs/ED2DC4F141FA549DFA02396634027C4CAEA5672EFF9227E31D3F5C0B0AB1-4] Rolled new log segment at offset 27151 in 3 ms. (org.apache.kafka.storage.internals.log.LocalLog)
kafka1-1  | [2026-03-17 09:42:06,654] INFO [UnifiedLog partition=ED2DC4F141FA549DFA02396634027C4CAEA5672EFF9227E31D3F5C0B0AB1-4, dir=/tmp/kafka-logs] Deleting segment LogSegment(baseOffset=0, size=31201928, lastModifiedTime=1773736921595, largestRecordTimestamp=1773736921591) due to log retention time 3600000ms breach based on the largest record timestamp in the segment (org.apache.kafka.storage.internals.log.UnifiedLog)
kafka3-1  | [2026-03-17 09:42:06,654] INFO [UnifiedLog partition=F356AC14287850E81FCABEBCD35A3D5676E7333480C5459F12EA31987385-3, dir=/tmp/kafka-logs] Incremented log start offset to 23670 due to segment deletion (org.apache.kafka.storage.internals.log.UnifiedLog)
kafka3-1  | [2026-03-17 09:42:06,654] INFO [UnifiedLog partition=F356AC14287850E81FCABEBCD35A3D5676E7333480C5459F12EA31987385-3, dir=/tmp/kafka-logs] Deleting segment LogSegment(baseOffset=0, size=27263412, lastModifiedTime=1773736921806, largestRecordTimestamp=1773736921806) due to log retention time 3600000ms breach based on the largest record timestamp in the segment (org.apache.kafka.storage.internals.log.UnifiedLog)
kafka3-1  | [2026-03-17 09:42:06,656] INFO [LocalLog partition=ABB77DCCBA3AE2E8E1553FF3D25EE3227EAAF97299E5D4FB2A071A226D35-0, dir=/tmp/kafka-logs/ABB77DCCBA3AE2E8E1553FF3D25EE3227EAAF97299E5D4FB2A071A226D35-0] Rolled new log segment at offset 18489 in 1 ms. (org.apache.kafka.storage.internals.log.LocalLog)
kafka3-1  | [2026-03-17 09:42:06,656] INFO [UnifiedLog partition=ABB77DCCBA3AE2E8E1553FF3D25EE3227EAAF97299E5D4FB2A071A226D35-0, dir=/tmp/kafka-logs] Deleting segment LogSegment(baseOffset=0, size=21332847, lastModifiedTime=1773736922019, largestRecordTimestamp=1773736921775) due to log retention time 3600000ms breach based on the largest record timestamp in the segment (org.apache.kafka.storage.internals.log.UnifiedLog)
kafka3-1  | [2026-03-17 09:42:06,657] INFO [LocalLog partition=ABB77DCCBA3AE2E8E1553FF3D25EE3227EAAF97299E5D4FB2A071A226D35-1, dir=/tmp/kafka-logs/ABB77DCCBA3AE2E8E1553FF3D25EE3227EAAF97299E5D4FB2A071A226D35-1] Rolled new log segment at offset 18310 in 1 ms. (org.apache.kafka.storage.internals.log.LocalLog)
kafka1-1  | [2026-03-17 09:42:06,657] INFO [UnifiedLog partition=F356AC14287850E81FCABEBCD35A3D5676E7333480C5459F12EA31987385-1, dir=/tmp/kafka-logs] Incremented log start offset to 23576 due to leader offset increment (org.apache.kafka.storage.internals.log.UnifiedLog)
kafka1-1  | [2026-03-17 09:42:06,657] INFO [UnifiedLog partition=F356AC14287850E81FCABEBCD35A3D5676E7333480C5459F12EA31987385-3, dir=/tmp/kafka-logs] Incremented log start offset to 23670 due to leader offset increment (org.apache.kafka.storage.internals.log.UnifiedLog)
kafka1-1  | [2026-03-17 09:42:06,657] INFO [LocalLog partition=EF1BEB68EFD52B00B9DBD8CC85DDE0B1A405A36680B245E79C426488D395-10, dir=/tmp/kafka-logs/EF1BEB68EFD52B00B9DBD8CC85DDE0B1A405A36680B245E79C426488D395-10] Rolled new log segment at offset 16971 in 3 ms. (org.apache.kafka.storage.internals.log.LocalLog)
kafka1-1  | [2026-03-17 09:42:06,657] INFO [ProducerStateManager partition=EF1BEB68EFD52B00B9DBD8CC85DDE0B1A405A36680B245E79C426488D395-10] Wrote producer snapshot at offset 16971 with 2 producer ids in 0 ms. (org.apache.kafka.storage.internals.log.ProducerStateManager)
kafka1-1  | [2026-03-17 09:42:06,658] INFO [UnifiedLog partition=EF1BEB68EFD52B00B9DBD8CC85DDE0B1A405A36680B245E79C426488D395-10, dir=/tmp/kafka-logs] Incremented log start offset to 16971 due to segment deletion (org.apache.kafka.storage.internals.log.UnifiedLog)
kafka1-1  | [2026-03-17 09:42:06,658] INFO [UnifiedLog partition=EF1BEB68EFD52B00B9DBD8CC85DDE0B1A405A36680B245E79C426488D395-10, dir=/tmp/kafka-logs] Deleting segment LogSegment(baseOffset=0, size=19613187, lastModifiedTime=1773736921524, largestRecordTimestamp=1773736921517) due to log retention time 3600000ms breach based on the largest record timestamp in the segment (org.apache.kafka.storage.internals.log.UnifiedLog)
kafka3-1  | [2026-03-17 09:42:06,657] INFO [ProducerStateManager partition=ABB77DCCBA3AE2E8E1553FF3D25EE3227EAAF97299E5D4FB2A071A226D35-1] Wrote producer snapshot at offset 18310 with 2 producer ids in 0 ms. (org.apache.kafka.storage.internals.log.ProducerStateManager)
kafka3-1  | [2026-03-17 09:42:06,657] INFO [UnifiedLog partition=ABB77DCCBA3AE2E8E1553FF3D25EE3227EAAF97299E5D4FB2A071A226D35-1, dir=/tmp/kafka-logs] Incremented log start offset to 18310 due to segment deletion (org.apache.kafka.storage.internals.log.UnifiedLog)
kafka3-1  | [2026-03-17 09:42:06,657] INFO [UnifiedLog partition=ABB77DCCBA3AE2E8E1553FF3D25EE3227EAAF97299E5D4FB2A071A226D35-1, dir=/tmp/kafka-logs] Deleting segment LogSegment(baseOffset=0, size=21131166, lastModifiedTime=1773736921774, largestRecordTimestamp=1773736921775) due to log retention time 3600000ms breach based on the largest record timestamp in the segment (org.apache.kafka.storage.internals.log.UnifiedLog)
kafka1-1  | [2026-03-17 09:42:06,659] INFO [LocalLog partition=ED2DC4F141FA549DFA02396634027C4CAEA5672EFF9227E31D3F5C0B0AB1-6, dir=/tmp/kafka-logs/ED2DC4F141FA549DFA02396634027C4CAEA5672EFF9227E31D3F5C0B0AB1-6] Rolled new log segment at offset 27336 in 0 ms. (org.apache.kafka.storage.internals.log.LocalLog)
kafka1-1  | [2026-03-17 09:42:06,659] INFO [ProducerStateManager partition=ED2DC4F141FA549DFA02396634027C4CAEA5672EFF9227E31D3F5C0B0AB1-6] Wrote producer snapshot at offset 27336 with 2 producer ids in 0 ms. (org.apache.kafka.storage.internals.log.ProducerStateManager)
kafka1-1  | [2026-03-17 09:42:06,659] INFO [UnifiedLog partition=ED2DC4F141FA549DFA02396634027C4CAEA5672EFF9227E31D3F5C0B0AB1-6, dir=/tmp/kafka-logs] Incremented log start offset to 27336 due to segment deletion (org.apache.kafka.storage.internals.log.UnifiedLog)
kafka1-1  | [2026-03-17 09:42:06,659] INFO [UnifiedLog partition=ED2DC4F141FA549DFA02396634027C4CAEA5672EFF9227E31D3F5C0B0AB1-6, dir=/tmp/kafka-logs] Deleting segment LogSegment(baseOffset=0, size=31393882, lastModifiedTime=1773736922019, largestRecordTimestamp=1773736921591) due to log retention time 3600000ms breach based on the largest record timestamp in the segment (org.apache.kafka.storage.internals.log.UnifiedLog)
kafka1-1  | [2026-03-17 09:42:06,660] INFO [LocalLog partition=F356AC14287850E81FCABEBCD35A3D5676E7333480C5459F12EA31987385-1, dir=/tmp/kafka-logs/F356AC14287850E81FCABEBCD35A3D5676E7333480C5459F12EA31987385-1] Rolled new log segment at offset 23576 in 1 ms. (org.apache.kafka.storage.internals.log.LocalLog)
kafka1-1  | [2026-03-17 09:42:06,660] INFO [UnifiedLog partition=F356AC14287850E81FCABEBCD35A3D5676E7333480C5459F12EA31987385-1, dir=/tmp/kafka-logs] Deleting segment LogSegment(baseOffset=0, size=27163499, lastModifiedTime=1773736921810, largestRecordTimestamp=1773736921806) due to log retention time 3600000ms breach based on the largest record timestamp in the segment (org.apache.kafka.storage.internals.log.UnifiedLog)
kafka3-1  | [2026-03-17 09:42:06,661] INFO [LocalLog partition=9689940FCFFE928A747A0649F3C58A843FBB376293CC3D874C7D568E909E-0, dir=/tmp/kafka-logs/9689940FCFFE928A747A0649F3C58A843FBB376293CC3D874C7D568E909E-0] Rolled new log segment at offset 36559 in 3 ms. (org.apache.kafka.storage.internals.log.LocalLog)
kafka3-1  | [2026-03-17 09:42:06,661] INFO [ProducerStateManager partition=9689940FCFFE928A747A0649F3C58A843FBB376293CC3D874C7D568E909E-0] Wrote producer snapshot at offset 36559 with 2 producer ids in 1 ms. (org.apache.kafka.storage.internals.log.ProducerStateManager)
kafka3-1  | [2026-03-17 09:42:06,661] INFO [UnifiedLog partition=9689940FCFFE928A747A0649F3C58A843FBB376293CC3D874C7D568E909E-0, dir=/tmp/kafka-logs] Incremented log start offset to 36559 due to segment deletion (org.apache.kafka.storage.internals.log.UnifiedLog)
kafka3-1  | [2026-03-17 09:42:06,661] INFO [UnifiedLog partition=9689940FCFFE928A747A0649F3C58A843FBB376293CC3D874C7D568E909E-0, dir=/tmp/kafka-logs] Deleting segment LogSegment(baseOffset=0, size=41904837, lastModifiedTime=1773736921535, largestRecordTimestamp=1773736921536) due to log retention time 3600000ms breach based on the largest record timestamp in the segment (org.apache.kafka.storage.internals.log.UnifiedLog)
kafka3-1  | [2026-03-17 09:42:06,663] INFO [LocalLog partition=F356AC14287850E81FCABEBCD35A3D5676E7333480C5459F12EA31987385-5, dir=/tmp/kafka-logs/F356AC14287850E81FCABEBCD35A3D5676E7333480C5459F12EA31987385-5] Rolled new log segment at offset 23294 in 2 ms. (org.apache.kafka.storage.internals.log.LocalLog)
kafka3-1  | [2026-03-17 09:42:06,663] INFO [UnifiedLog partition=F356AC14287850E81FCABEBCD35A3D5676E7333480C5459F12EA31987385-5, dir=/tmp/kafka-logs] Deleting segment LogSegment(baseOffset=0, size=26825914, lastModifiedTime=1773736922019, largestRecordTimestamp=1773736921806) due to log retention time 3600000ms breach based on the largest record timestamp in the segment (org.apache.kafka.storage.internals.log.UnifiedLog)
kafka1-1  | [2026-03-17 09:42:06,664] INFO [UnifiedLog partition=9689940FCFFE928A747A0649F3C58A843FBB376293CC3D874C7D568E909E-0, dir=/tmp/kafka-logs] Incremented log start offset to 36559 due to leader offset increment (org.apache.kafka.storage.internals.log.UnifiedLog)
kafka1-1  | [2026-03-17 09:42:06,664] INFO [UnifiedLog partition=ABB77DCCBA3AE2E8E1553FF3D25EE3227EAAF97299E5D4FB2A071A226D35-1, dir=/tmp/kafka-logs] Incremented log start offset to 18310 due to leader offset increment (org.apache.kafka.storage.internals.log.UnifiedLog)
kafka3-1  | [2026-03-17 09:42:06,664] INFO [LocalLog partition=F356AC14287850E81FCABEBCD35A3D5676E7333480C5459F12EA31987385-6, dir=/tmp/kafka-logs/F356AC14287850E81FCABEBCD35A3D5676E7333480C5459F12EA31987385-6] Rolled new log segment at offset 23332 in 1 ms. (org.apache.kafka.storage.internals.log.LocalLog)
kafka3-1  | [2026-03-17 09:42:06,664] INFO [ProducerStateManager partition=F356AC14287850E81FCABEBCD35A3D5676E7333480C5459F12EA31987385-6] Wrote producer snapshot at offset 23332 with 2 producer ids in 0 ms. (org.apache.kafka.storage.internals.log.ProducerStateManager)
kafka3-1  | [2026-03-17 09:42:06,665] INFO [UnifiedLog partition=F356AC14287850E81FCABEBCD35A3D5676E7333480C5459F12EA31987385-6, dir=/tmp/kafka-logs] Incremented log start offset to 23332 due to segment deletion (org.apache.kafka.storage.internals.log.UnifiedLog)
kafka3-1  | [2026-03-17 09:42:06,665] INFO [UnifiedLog partition=F356AC14287850E81FCABEBCD35A3D5676E7333480C5459F12EA31987385-6, dir=/tmp/kafka-logs] Deleting segment LogSegment(baseOffset=0, size=26880806, lastModifiedTime=1773736921806, largestRecordTimestamp=1773736921806) due to log retention time 3600000ms breach based on the largest record timestamp in the segment (org.apache.kafka.storage.internals.log.UnifiedLog)
kafka1-1  | [2026-03-17 09:42:06,664] INFO [LocalLog partition=ABB77DCCBA3AE2E8E1553FF3D25EE3227EAAF97299E5D4FB2A071A226D35-2, dir=/tmp/kafka-logs/ABB77DCCBA3AE2E8E1553FF3D25EE3227EAAF97299E5D4FB2A071A226D35-2] Rolled new log segment at offset 18439 in 4 ms. (org.apache.kafka.storage.internals.log.LocalLog)
kafka1-1  | [2026-03-17 09:42:06,665] INFO [ProducerStateManager partition=ABB77DCCBA3AE2E8E1553FF3D25EE3227EAAF97299E5D4FB2A071A226D35-2] Wrote producer snapshot at offset 18439 with 2 producer ids in 0 ms. (org.apache.kafka.storage.internals.log.ProducerStateManager)
kafka1-1  | [2026-03-17 09:42:06,665] INFO [UnifiedLog partition=ABB77DCCBA3AE2E8E1553FF3D25EE3227EAAF97299E5D4FB2A071A226D35-2, dir=/tmp/kafka-logs] Incremented log start offset to 18439 due to segment deletion (org.apache.kafka.storage.internals.log.UnifiedLog)
kafka1-1  | [2026-03-17 09:42:06,665] INFO [UnifiedLog partition=ABB77DCCBA3AE2E8E1553FF3D25EE3227EAAF97299E5D4FB2A071A226D35-2, dir=/tmp/kafka-logs] Deleting segment LogSegment(baseOffset=0, size=21294709, lastModifiedTime=1773736921768, largestRecordTimestamp=1773736921768) due to log retention time 3600000ms breach based on the largest record timestamp in the segment (org.apache.kafka.storage.internals.log.UnifiedLog)
kafka1-1  | [2026-03-17 09:42:06,666] INFO [LocalLog partition=F356AC14287850E81FCABEBCD35A3D5676E7333480C5459F12EA31987385-2, dir=/tmp/kafka-logs/F356AC14287850E81FCABEBCD35A3D5676E7333480C5459F12EA31987385-2] Rolled new log segment at offset 23450 in 0 ms. (org.apache.kafka.storage.internals.log.LocalLog)
kafka1-1  | [2026-03-17 09:42:06,666] INFO [ProducerStateManager partition=F356AC14287850E81FCABEBCD35A3D5676E7333480C5459F12EA31987385-2] Wrote producer snapshot at offset 23450 with 2 producer ids in 0 ms. (org.apache.kafka.storage.internals.log.ProducerStateManager)
kafka1-1  | [2026-03-17 09:42:06,666] INFO [UnifiedLog partition=F356AC14287850E81FCABEBCD35A3D5676E7333480C5459F12EA31987385-2, dir=/tmp/kafka-logs] Incremented log start offset to 23450 due to segment deletion (org.apache.kafka.storage.internals.log.UnifiedLog)
kafka1-1  | [2026-03-17 09:42:06,666] INFO [UnifiedLog partition=F356AC14287850E81FCABEBCD35A3D5676E7333480C5459F12EA31987385-2, dir=/tmp/kafka-logs] Deleting segment LogSegment(baseOffset=0, size=27003673, lastModifiedTime=1773736921806, largestRecordTimestamp=1773736921806) due to log retention time 3600000ms breach based on the largest record timestamp in the segment (org.apache.kafka.storage.internals.log.UnifiedLog)
kafka1-1  | [2026-03-17 09:42:06,667] INFO [LocalLog partition=F356AC14287850E81FCABEBCD35A3D5676E7333480C5459F12EA31987385-3, dir=/tmp/kafka-logs/F356AC14287850E81FCABEBCD35A3D5676E7333480C5459F12EA31987385-3] Rolled new log segment at offset 23670 in 1 ms. (org.apache.kafka.storage.internals.log.LocalLog)
kafka1-1  | [2026-03-17 09:42:06,667] INFO [UnifiedLog partition=F356AC14287850E81FCABEBCD35A3D5676E7333480C5459F12EA31987385-3, dir=/tmp/kafka-logs] Deleting segment LogSegment(baseOffset=0, size=27263412, lastModifiedTime=1773736921810, largestRecordTimestamp=1773736921806) due to log retention time 3600000ms breach based on the largest record timestamp in the segment (org.apache.kafka.storage.internals.log.UnifiedLog)
kafka1-1  | [2026-03-17 09:42:06,671] INFO [LocalLog partition=9689940FCFFE928A747A0649F3C58A843FBB376293CC3D874C7D568E909E-1, dir=/tmp/kafka-logs/9689940FCFFE928A747A0649F3C58A843FBB376293CC3D874C7D568E909E-1] Rolled new log segment at offset 36588 in 4 ms. (org.apache.kafka.storage.internals.log.LocalLog)
kafka1-1  | [2026-03-17 09:42:06,671] INFO [ProducerStateManager partition=9689940FCFFE928A747A0649F3C58A843FBB376293CC3D874C7D568E909E-1] Wrote producer snapshot at offset 36588 with 2 producer ids in 0 ms. (org.apache.kafka.storage.internals.log.ProducerStateManager)
kafka1-1  | [2026-03-17 09:42:06,671] INFO [UnifiedLog partition=9689940FCFFE928A747A0649F3C58A843FBB376293CC3D874C7D568E909E-1, dir=/tmp/kafka-logs] Incremented log start offset to 36588 due to segment deletion (org.apache.kafka.storage.internals.log.UnifiedLog)
kafka1-1  | [2026-03-17 09:42:06,671] INFO [UnifiedLog partition=9689940FCFFE928A747A0649F3C58A843FBB376293CC3D874C7D568E909E-1, dir=/tmp/kafka-logs] Deleting segment LogSegment(baseOffset=0, size=41936468, lastModifiedTime=1773736921582, largestRecordTimestamp=1773736921536) due to log retention time 3600000ms breach based on the largest record timestamp in the segment (org.apache.kafka.storage.internals.log.UnifiedLog)
kafka1-1  | [2026-03-17 09:42:06,673] INFO [LocalLog partition=F356AC14287850E81FCABEBCD35A3D5676E7333480C5459F12EA31987385-4, dir=/tmp/kafka-logs/F356AC14287850E81FCABEBCD35A3D5676E7333480C5459F12EA31987385-4] Rolled new log segment at offset 23349 in 1 ms. (org.apache.kafka.storage.internals.log.LocalLog)
kafka1-1  | [2026-03-17 09:42:06,673] INFO [ProducerStateManager partition=F356AC14287850E81FCABEBCD35A3D5676E7333480C5459F12EA31987385-4] Wrote producer snapshot at offset 23349 with 2 producer ids in 1 ms. (org.apache.kafka.storage.internals.log.ProducerStateManager)
kafka1-1  | [2026-03-17 09:42:06,673] INFO [UnifiedLog partition=F356AC14287850E81FCABEBCD35A3D5676E7333480C5459F12EA31987385-4, dir=/tmp/kafka-logs] Incremented log start offset to 23349 due to segment deletion (org.apache.kafka.storage.internals.log.UnifiedLog)
kafka1-1  | [2026-03-17 09:42:06,673] INFO [UnifiedLog partition=F356AC14287850E81FCABEBCD35A3D5676E7333480C5459F12EA31987385-4, dir=/tmp/kafka-logs] Deleting segment LogSegment(baseOffset=0, size=26889847, lastModifiedTime=1773736921806, largestRecordTimestamp=1773736921806) due to log retention time 3600000ms breach based on the largest record timestamp in the segment (org.apache.kafka.storage.internals.log.UnifiedLog)
kafka1-1  | [2026-03-17 09:42:06,674] INFO [LocalLog partition=ABB77DCCBA3AE2E8E1553FF3D25EE3227EAAF97299E5D4FB2A071A226D35-1, dir=/tmp/kafka-logs/ABB77DCCBA3AE2E8E1553FF3D25EE3227EAAF97299E5D4FB2A071A226D35-1] Rolled new log segment at offset 18310 in 1 ms. (org.apache.kafka.storage.internals.log.LocalLog)
kafka1-1  | [2026-03-17 09:42:06,674] INFO [UnifiedLog partition=ABB77DCCBA3AE2E8E1553FF3D25EE3227EAAF97299E5D4FB2A071A226D35-1, dir=/tmp/kafka-logs] Deleting segment LogSegment(baseOffset=0, size=21131166, lastModifiedTime=1773736921776, largestRecordTimestamp=1773736921775) due to log retention time 3600000ms breach based on the largest record timestamp in the segment (org.apache.kafka.storage.internals.log.UnifiedLog)
kafka1-1  | [2026-03-17 09:42:06,678] INFO [LocalLog partition=9689940FCFFE928A747A0649F3C58A843FBB376293CC3D874C7D568E909E-0, dir=/tmp/kafka-logs/9689940FCFFE928A747A0649F3C58A843FBB376293CC3D874C7D568E909E-0] Rolled new log segment at offset 36559 in 3 ms. (org.apache.kafka.storage.internals.log.LocalLog)
kafka1-1  | [2026-03-17 09:42:06,678] INFO [UnifiedLog partition=9689940FCFFE928A747A0649F3C58A843FBB376293CC3D874C7D568E909E-0, dir=/tmp/kafka-logs] Deleting segment LogSegment(baseOffset=0, size=41904837, lastModifiedTime=1773736921538, largestRecordTimestamp=1773736921536) due to log retention time 3600000ms breach based on the largest record timestamp in the segment (org.apache.kafka.storage.internals.log.UnifiedLog)
kafka1-1  | [2026-03-17 09:42:06,679] INFO [LocalLog partition=F356AC14287850E81FCABEBCD35A3D5676E7333480C5459F12EA31987385-7, dir=/tmp/kafka-logs/F356AC14287850E81FCABEBCD35A3D5676E7333480C5459F12EA31987385-7] Rolled new log segment at offset 23458 in 1 ms. (org.apache.kafka.storage.internals.log.LocalLog)
kafka1-1  | [2026-03-17 09:42:06,679] INFO [ProducerStateManager partition=F356AC14287850E81FCABEBCD35A3D5676E7333480C5459F12EA31987385-7] Wrote producer snapshot at offset 23458 with 2 producer ids in 0 ms. (org.apache.kafka.storage.internals.log.ProducerStateManager)
kafka1-1  | [2026-03-17 09:42:06,679] INFO [UnifiedLog partition=F356AC14287850E81FCABEBCD35A3D5676E7333480C5459F12EA31987385-7, dir=/tmp/kafka-logs] Incremented log start offset to 23458 due to segment deletion (org.apache.kafka.storage.internals.log.UnifiedLog)
kafka1-1  | [2026-03-17 09:42:06,679] INFO [UnifiedLog partition=F356AC14287850E81FCABEBCD35A3D5676E7333480C5459F12EA31987385-7, dir=/tmp/kafka-logs] Deleting segment LogSegment(baseOffset=0, size=27011524, lastModifiedTime=1773736922019, largestRecordTimestamp=1773736921806) due to log retention time 3600000ms breach based on the largest record timestamp in the segment (org.apache.kafka.storage.internals.log.UnifiedLog)
kafka2-1  | [2026-03-17 09:42:23,945] INFO [NodeToControllerChannelManager id=3 name=forwarding] Node 1 disconnected. (org.apache.kafka.clients.NetworkClient)
kafka3-1  | [2026-03-17 09:42:37,665] INFO [GroupCoordinator id=4 topic=__consumer_offsets partition=4] [GroupId 9503_SimulatorGroup1] Member a36601b5-13e9-47f5-b15f-4d10894ca18f left the consumer group. (org.apache.kafka.coordinator.group.GroupMetadataManager)
kafka3-1  | [2026-03-17 09:42:37,665] INFO [GroupCoordinator id=4 topic=__consumer_offsets partition=4] [GroupId 9503_SimulatorGroup1] Bumped group epoch to 4 with metadata hash 8168607098309792373. (org.apache.kafka.coordinator.group.GroupMetadataManager)
kafka3-1  | [2026-03-17 09:42:37,666] INFO [GroupCoordinator id=4 topic=__consumer_offsets partition=4] [GroupId 9503_SimulatorGroup1] Member a3fd4be1-88b8-4338-b6da-c6b2710c1529 left the consumer group. (org.apache.kafka.coordinator.group.GroupMetadataManager)
kafka3-1  | [2026-03-17 09:42:37,666] INFO [GroupCoordinator id=4 topic=__consumer_offsets partition=4] [GroupId 9503_SimulatorGroup1] Bumped group epoch to 5 with metadata hash 8168607098309792373. (org.apache.kafka.coordinator.group.GroupMetadataManager)
kafka3-1  | [2026-03-17 09:42:38,085] INFO [GroupCoordinator id=4 topic=__consumer_offsets partition=4] [GroupId 9503_SimulatorGroup1] Member 091eb742-8122-4504-9265-4fee6b516ca8 left the consumer group. (org.apache.kafka.coordinator.group.GroupMetadataManager)
kafka3-1  | [2026-03-17 09:42:38,085] INFO [GroupCoordinator id=4 topic=__consumer_offsets partition=4] [GroupId 9503_SimulatorGroup1] Bumped group epoch to 6 with metadata hash 0. (org.apache.kafka.coordinator.group.GroupMetadataManager)
kafka3-1  | [2026-03-17 09:42:39,008] INFO [ReplicaFetcherManager on broker 4] Removed fetcher for partitions Set(E88CE3B5A920D238F51A02138EB31A958E263675D8178EC36980F329EEE8-2, 35FE7EC655D43E071F64C3817FAFB9947BBE4E0FB7A572C054D6E7776D3F-7, E88CE3B5A920D238F51A02138EB31A958E263675D8178EC36980F329EEE8-6, 35FE7EC655D43E071F64C3817FAFB9947BBE4E0FB7A572C054D6E7776D3F-1, 35FE7EC655D43E071F64C3817FAFB9947BBE4E0FB7A572C054D6E7776D3F-3, FE7F3102FDFA77B86B06728490475F8F870A3C9EB59DE83623F424A9C481-2, 80953CCE4800FC85FE8F89A27456251B0FD98277E8E70CDB057FD049620C-4, E88CE3B5A920D238F51A02138EB31A958E263675D8178EC36980F329EEE8-10, 84DA43304FC03657E46ABBFC3CFC6F70049BE797E1D5221DAC4DBCC8AB06-1, 84DA43304FC03657E46ABBFC3CFC6F70049BE797E1D5221DAC4DBCC8AB06-3, 80953CCE4800FC85FE8F89A27456251B0FD98277E8E70CDB057FD049620C-0, 84DA43304FC03657E46ABBFC3CFC6F70049BE797E1D5221DAC4DBCC8AB06-6, 2126597462157A44A069DF9B79511CE9D47B1CB4FA6C1A175ECEC715CFE7-6, DEA3F75DF7996BFDA1A789925829F30F3423CFE887F4BE2E60EA4F43F6B0-2, F2D3DBC3682AF75D27CE0DA2176A4E0B534F4E00F525E2185237F9D3F3EB-6, F2D3DBC3682AF75D27CE0DA2176A4E0B534F4E00F525E2185237F9D3F3EB-4, 2126597462157A44A069DF9B79511CE9D47B1CB4FA6C1A175ECEC715CFE7-0, AB54A8C66BF36930CABC56FDD65FA6E20781376943050A2E272CC01EC5F6-5, F2D3DBC3682AF75D27CE0DA2176A4E0B534F4E00F525E2185237F9D3F3EB-0, E88CE3B5A920D238F51A02138EB31A958E263675D8178EC36980F329EEE8-5, BBD1FACFC6998447C160BBE598A1C6E28C6747CB106D59051404777B1A20-3, BBD1FACFC6998447C160BBE598A1C6E28C6747CB106D59051404777B1A20-1, AB54A8C66BF36930CABC56FDD65FA6E20781376943050A2E272CC01EC5F6-8, AB54A8C66BF36930CABC56FDD65FA6E20781376943050A2E272CC01EC5F6-10, DEA3F75DF7996BFDA1A789925829F30F3423CFE887F4BE2E60EA4F43F6B0-3, F2D3DBC3682AF75D27CE0DA2176A4E0B534F4E00F525E2185237F9D3F3EB-11, 2126597462157A44A069DF9B79511CE9D47B1CB4FA6C1A175ECEC715CFE7-5, AB54A8C66BF36930CABC56FDD65FA6E20781376943050A2E272CC01EC5F6-2) (kafka.server.ReplicaFetcherManager)
kafka1-1  | [2026-03-17 09:42:39,008] INFO [ReplicaFetcherManager on broker 2] Removed fetcher for partitions Set(35FE7EC655D43E071F64C3817FAFB9947BBE4E0FB7A572C054D6E7776D3F-5, FE7F3102FDFA77B86B06728490475F8F870A3C9EB59DE83623F424A9C481-0, E88CE3B5A920D238F51A02138EB31A958E263675D8178EC36980F329EEE8-8, BBD1FACFC6998447C160BBE598A1C6E28C6747CB106D59051404777B1A20-2, AB54A8C66BF36930CABC56FDD65FA6E20781376943050A2E272CC01EC5F6-9, DEA3F75DF7996BFDA1A789925829F30F3423CFE887F4BE2E60EA4F43F6B0-0, 84DA43304FC03657E46ABBFC3CFC6F70049BE797E1D5221DAC4DBCC8AB06-4, 2126597462157A44A069DF9B79511CE9D47B1CB4FA6C1A175ECEC715CFE7-4, AB54A8C66BF36930CABC56FDD65FA6E20781376943050A2E272CC01EC5F6-7, E88CE3B5A920D238F51A02138EB31A958E263675D8178EC36980F329EEE8-3, 35FE7EC655D43E071F64C3817FAFB9947BBE4E0FB7A572C054D6E7776D3F-8, 35FE7EC655D43E071F64C3817FAFB9947BBE4E0FB7A572C054D6E7776D3F-2, E88CE3B5A920D238F51A02138EB31A958E263675D8178EC36980F329EEE8-11, 80953CCE4800FC85FE8F89A27456251B0FD98277E8E70CDB057FD049620C-5, 84DA43304FC03657E46ABBFC3CFC6F70049BE797E1D5221DAC4DBCC8AB06-2, 80953CCE4800FC85FE8F89A27456251B0FD98277E8E70CDB057FD049620C-1, 2126597462157A44A069DF9B79511CE9D47B1CB4FA6C1A175ECEC715CFE7-7, 80953CCE4800FC85FE8F89A27456251B0FD98277E8E70CDB057FD049620C-6, F2D3DBC3682AF75D27CE0DA2176A4E0B534F4E00F525E2185237F9D3F3EB-9, F2D3DBC3682AF75D27CE0DA2176A4E0B534F4E00F525E2185237F9D3F3EB-7, AB54A8C66BF36930CABC56FDD65FA6E20781376943050A2E272CC01EC5F6-0, F2D3DBC3682AF75D27CE0DA2176A4E0B534F4E00F525E2185237F9D3F3EB-5, 2126597462157A44A069DF9B79511CE9D47B1CB4FA6C1A175ECEC715CFE7-1, AB54A8C66BF36930CABC56FDD65FA6E20781376943050A2E272CC01EC5F6-4, E88CE3B5A920D238F51A02138EB31A958E263675D8178EC36980F329EEE8-0, F2D3DBC3682AF75D27CE0DA2176A4E0B534F4E00F525E2185237F9D3F3EB-1) (kafka.server.ReplicaFetcherManager)
kafka2-1  | [2026-03-17 09:42:39,008] INFO [ReplicaFetcherManager on broker 3] Removed fetcher for partitions Set(E88CE3B5A920D238F51A02138EB31A958E263675D8178EC36980F329EEE8-4, BBD1FACFC6998447C160BBE598A1C6E28C6747CB106D59051404777B1A20-4, BBD1FACFC6998447C160BBE598A1C6E28C6747CB106D59051404777B1A20-0, 80953CCE4800FC85FE8F89A27456251B0FD98277E8E70CDB057FD049620C-2, AB54A8C66BF36930CABC56FDD65FA6E20781376943050A2E272CC01EC5F6-11, F2D3DBC3682AF75D27CE0DA2176A4E0B534F4E00F525E2185237F9D3F3EB-10, F2D3DBC3682AF75D27CE0DA2176A4E0B534F4E00F525E2185237F9D3F3EB-8, AB54A8C66BF36930CABC56FDD65FA6E20781376943050A2E272CC01EC5F6-1, 2126597462157A44A069DF9B79511CE9D47B1CB4FA6C1A175ECEC715CFE7-2, AB54A8C66BF36930CABC56FDD65FA6E20781376943050A2E272CC01EC5F6-3, F2D3DBC3682AF75D27CE0DA2176A4E0B534F4E00F525E2185237F9D3F3EB-2, E88CE3B5A920D238F51A02138EB31A958E263675D8178EC36980F329EEE8-1, 35FE7EC655D43E071F64C3817FAFB9947BBE4E0FB7A572C054D6E7776D3F-6, E88CE3B5A920D238F51A02138EB31A958E263675D8178EC36980F329EEE8-7, FE7F3102FDFA77B86B06728490475F8F870A3C9EB59DE83623F424A9C481-1, E88CE3B5A920D238F51A02138EB31A958E263675D8178EC36980F329EEE8-9, 35FE7EC655D43E071F64C3817FAFB9947BBE4E0FB7A572C054D6E7776D3F-4, 84DA43304FC03657E46ABBFC3CFC6F70049BE797E1D5221DAC4DBCC8AB06-0, 35FE7EC655D43E071F64C3817FAFB9947BBE4E0FB7A572C054D6E7776D3F-0, 80953CCE4800FC85FE8F89A27456251B0FD98277E8E70CDB057FD049620C-3, 84DA43304FC03657E46ABBFC3CFC6F70049BE797E1D5221DAC4DBCC8AB06-5, DEA3F75DF7996BFDA1A789925829F30F3423CFE887F4BE2E60EA4F43F6B0-1, 2126597462157A44A069DF9B79511CE9D47B1CB4FA6C1A175ECEC715CFE7-3, F2D3DBC3682AF75D27CE0DA2176A4E0B534F4E00F525E2185237F9D3F3EB-3, AB54A8C66BF36930CABC56FDD65FA6E20781376943050A2E272CC01EC5F6-6) (kafka.server.ReplicaFetcherManager)
kafka2-1  | [2026-03-17 09:42:39,010] INFO [LogLoader partition=E88CE3B5A920D238F51A02138EB31A958E263675D8178EC36980F329EEE8-4, dir=/tmp/kafka-logs] Loading producer state till offset 0 (org.apache.kafka.storage.internals.log.UnifiedLog)
kafka3-1  | [2026-03-17 09:42:39,010] INFO [LogLoader partition=E88CE3B5A920D238F51A02138EB31A958E263675D8178EC36980F329EEE8-2, dir=/tmp/kafka-logs] Loading producer state till offset 0 (org.apache.kafka.storage.internals.log.UnifiedLog)
kafka1-1  | [2026-03-17 09:42:39,010] INFO [LogLoader partition=35FE7EC655D43E071F64C3817FAFB9947BBE4E0FB7A572C054D6E7776D3F-5, dir=/tmp/kafka-logs] Loading producer state till offset 0 (org.apache.kafka.storage.internals.log.UnifiedLog)
kafka2-1  | [2026-03-17 09:42:39,011] INFO Created log for partition E88CE3B5A920D238F51A02138EB31A958E263675D8178EC36980F329EEE8-4 in /tmp/kafka-logs/E88CE3B5A920D238F51A02138EB31A958E263675D8178EC36980F329EEE8-4 with properties {} (kafka.log.LogManager)
kafka1-1  | [2026-03-17 09:42:39,011] INFO Created log for partition 35FE7EC655D43E071F64C3817FAFB9947BBE4E0FB7A572C054D6E7776D3F-5 in /tmp/kafka-logs/35FE7EC655D43E071F64C3817FAFB9947BBE4E0FB7A572C054D6E7776D3F-5 with properties {} (kafka.log.LogManager)
kafka3-1  | [2026-03-17 09:42:39,011] INFO Created log for partition E88CE3B5A920D238F51A02138EB31A958E263675D8178EC36980F329EEE8-2 in /tmp/kafka-logs/E88CE3B5A920D238F51A02138EB31A958E263675D8178EC36980F329EEE8-2 with properties {} (kafka.log.LogManager)
kafka2-1  | [2026-03-17 09:42:39,013] INFO [Partition E88CE3B5A920D238F51A02138EB31A958E263675D8178EC36980F329EEE8-4 broker=3] No checkpointed highwatermark is found for partition E88CE3B5A920D238F51A02138EB31A958E263675D8178EC36980F329EEE8-4 (kafka.cluster.Partition)
kafka2-1  | [2026-03-17 09:42:39,013] INFO [Partition E88CE3B5A920D238F51A02138EB31A958E263675D8178EC36980F329EEE8-4 broker=3] Log loaded for partition E88CE3B5A920D238F51A02138EB31A958E263675D8178EC36980F329EEE8-4 with initial high watermark 0 (kafka.cluster.Partition)
kafka3-1  | [2026-03-17 09:42:39,014] INFO [Partition E88CE3B5A920D238F51A02138EB31A958E263675D8178EC36980F329EEE8-2 broker=4] No checkpointed highwatermark is found for partition E88CE3B5A920D238F51A02138EB31A958E263675D8178EC36980F329EEE8-2 (kafka.cluster.Partition)
kafka3-1  | [2026-03-17 09:42:39,014] INFO [Partition E88CE3B5A920D238F51A02138EB31A958E263675D8178EC36980F329EEE8-2 broker=4] Log loaded for partition E88CE3B5A920D238F51A02138EB31A958E263675D8178EC36980F329EEE8-2 with initial high watermark 0 (kafka.cluster.Partition)
kafka1-1  | [2026-03-17 09:42:39,014] INFO [Partition 35FE7EC655D43E071F64C3817FAFB9947BBE4E0FB7A572C054D6E7776D3F-5 broker=2] No checkpointed highwatermark is found for partition 35FE7EC655D43E071F64C3817FAFB9947BBE4E0FB7A572C054D6E7776D3F-5 (kafka.cluster.Partition)
kafka1-1  | [2026-03-17 09:42:39,014] INFO [Partition 35FE7EC655D43E071F64C3817FAFB9947BBE4E0FB7A572C054D6E7776D3F-5 broker=2] Log loaded for partition 35FE7EC655D43E071F64C3817FAFB9947BBE4E0FB7A572C054D6E7776D3F-5 with initial high watermark 0 (kafka.cluster.Partition)
kafka2-1  | [2026-03-17 09:42:39,018] INFO [LogLoader partition=BBD1FACFC6998447C160BBE598A1C6E28C6747CB106D59051404777B1A20-4, dir=/tmp/kafka-logs] Loading producer state till offset 0 (org.apache.kafka.storage.internals.log.UnifiedLog)
kafka2-1  | [2026-03-17 09:42:39,019] INFO Created log for partition BBD1FACFC6998447C160BBE598A1C6E28C6747CB106D59051404777B1A20-4 in /tmp/kafka-logs/BBD1FACFC6998447C160BBE598A1C6E28C6747CB106D59051404777B1A20-4 with properties {} (kafka.log.LogManager)
kafka2-1  | [2026-03-17 09:42:39,019] INFO [Partition BBD1FACFC6998447C160BBE598A1C6E28C6747CB106D59051404777B1A20-4 broker=3] No checkpointed highwatermark is found for partition BBD1FACFC6998447C160BBE598A1C6E28C6747CB106D59051404777B1A20-4 (kafka.cluster.Partition)
kafka2-1  | [2026-03-17 09:42:39,019] INFO [Partition BBD1FACFC6998447C160BBE598A1C6E28C6747CB106D59051404777B1A20-4 broker=3] Log loaded for partition BBD1FACFC6998447C160BBE598A1C6E28C6747CB106D59051404777B1A20-4 with initial high watermark 0 (kafka.cluster.Partition)
kafka3-1  | [2026-03-17 09:42:39,023] INFO [LogLoader partition=35FE7EC655D43E071F64C3817FAFB9947BBE4E0FB7A572C054D6E7776D3F-7, dir=/tmp/kafka-logs] Loading producer state till offset 0 (org.apache.kafka.storage.internals.log.UnifiedLog)
kafka1-1  | [2026-03-17 09:42:39,023] INFO [LogLoader partition=FE7F3102FDFA77B86B06728490475F8F870A3C9EB59DE83623F424A9C481-0, dir=/tmp/kafka-logs] Loading producer state till offset 0 (org.apache.kafka.storage.internals.log.UnifiedLog)
kafka3-1  | [2026-03-17 09:42:39,023] INFO Created log for partition 35FE7EC655D43E071F64C3817FAFB9947BBE4E0FB7A572C054D6E7776D3F-7 in /tmp/kafka-logs/35FE7EC655D43E071F64C3817FAFB9947BBE4E0FB7A572C054D6E7776D3F-7 with properties {} (kafka.log.LogManager)
kafka3-1  | [2026-03-17 09:42:39,023] INFO [Partition 35FE7EC655D43E071F64C3817FAFB9947BBE4E0FB7A572C054D6E7776D3F-7 broker=4] No checkpointed highwatermark is found for partition 35FE7EC655D43E071F64C3817FAFB9947BBE4E0FB7A572C054D6E7776D3F-7 (kafka.cluster.Partition)
kafka3-1  | [2026-03-17 09:42:39,023] INFO [Partition 35FE7EC655D43E071F64C3817FAFB9947BBE4E0FB7A572C054D6E7776D3F-7 broker=4] Log loaded for partition 35FE7EC655D43E071F64C3817FAFB9947BBE4E0FB7A572C054D6E7776D3F-7 with initial high watermark 0 (kafka.cluster.Partition)
kafka1-1  | [2026-03-17 09:42:39,023] INFO Created log for partition FE7F3102FDFA77B86B06728490475F8F870A3C9EB59DE83623F424A9C481-0 in /tmp/kafka-logs/FE7F3102FDFA77B86B06728490475F8F870A3C9EB59DE83623F424A9C481-0 with properties {} (kafka.log.LogManager)
kafka1-1  | [2026-03-17 09:42:39,023] INFO [Partition FE7F3102FDFA77B86B06728490475F8F870A3C9EB59DE83623F424A9C481-0 broker=2] No checkpointed highwatermark is found for partition FE7F3102FDFA77B86B06728490475F8F870A3C9EB59DE83623F424A9C481-0 (kafka.cluster.Partition)
kafka1-1  | [2026-03-17 09:42:39,023] INFO [Partition FE7F3102FDFA77B86B06728490475F8F870A3C9EB59DE83623F424A9C481-0 broker=2] Log loaded for partition FE7F3102FDFA77B86B06728490475F8F870A3C9EB59DE83623F424A9C481-0 with initial high watermark 0 (kafka.cluster.Partition)
kafka2-1  | [2026-03-17 09:42:39,025] INFO [LogLoader partition=BBD1FACFC6998447C160BBE598A1C6E28C6747CB106D59051404777B1A20-0, dir=/tmp/kafka-logs] Loading producer state till offset 0 (org.apache.kafka.storage.internals.log.UnifiedLog)
kafka2-1  | [2026-03-17 09:42:39,025] INFO Created log for partition BBD1FACFC6998447C160BBE598A1C6E28C6747CB106D59051404777B1A20-0 in /tmp/kafka-logs/BBD1FACFC6998447C160BBE598A1C6E28C6747CB106D59051404777B1A20-0 with properties {} (kafka.log.LogManager)
kafka2-1  | [2026-03-17 09:42:39,025] INFO [Partition BBD1FACFC6998447C160BBE598A1C6E28C6747CB106D59051404777B1A20-0 broker=3] No checkpointed highwatermark is found for partition BBD1FACFC6998447C160BBE598A1C6E28C6747CB106D59051404777B1A20-0 (kafka.cluster.Partition)
kafka2-1  | [2026-03-17 09:42:39,025] INFO [Partition BBD1FACFC6998447C160BBE598A1C6E28C6747CB106D59051404777B1A20-0 broker=3] Log loaded for partition BBD1FACFC6998447C160BBE598A1C6E28C6747CB106D59051404777B1A20-0 with initial high watermark 0 (kafka.cluster.Partition)
kafka3-1  | [2026-03-17 09:42:39,028] INFO [LogLoader partition=E88CE3B5A920D238F51A02138EB31A958E263675D8178EC36980F329EEE8-6, dir=/tmp/kafka-logs] Loading producer state till offset 0 (org.apache.kafka.storage.internals.log.UnifiedLog)
kafka3-1  | [2026-03-17 09:42:39,028] INFO Created log for partition E88CE3B5A920D238F51A02138EB31A958E263675D8178EC36980F329EEE8-6 in /tmp/kafka-logs/E88CE3B5A920D238F51A02138EB31A958E263675D8178EC36980F329EEE8-6 with properties {} (kafka.log.LogManager)
kafka1-1  | [2026-03-17 09:42:39,028] INFO [LogLoader partition=E88CE3B5A920D238F51A02138EB31A958E263675D8178EC36980F329EEE8-8, dir=/tmp/kafka-logs] Loading producer state till offset 0 (org.apache.kafka.storage.internals.log.UnifiedLog)
kafka1-1  | [2026-03-17 09:42:39,028] INFO Created log for partition E88CE3B5A920D238F51A02138EB31A958E263675D8178EC36980F329EEE8-8 in /tmp/kafka-logs/E88CE3B5A920D238F51A02138EB31A958E263675D8178EC36980F329EEE8-8 with properties {} (kafka.log.LogManager)
kafka1-1  | [2026-03-17 09:42:39,028] INFO [Partition E88CE3B5A920D238F51A02138EB31A958E263675D8178EC36980F329EEE8-8 broker=2] No checkpointed highwatermark is found for partition E88CE3B5A920D238F51A02138EB31A958E263675D8178EC36980F329EEE8-8 (kafka.cluster.Partition)
kafka1-1  | [2026-03-17 09:42:39,028] INFO [Partition E88CE3B5A920D238F51A02138EB31A958E263675D8178EC36980F329EEE8-8 broker=2] Log loaded for partition E88CE3B5A920D238F51A02138EB31A958E263675D8178EC36980F329EEE8-8 with initial high watermark 0 (kafka.cluster.Partition)
kafka3-1  | [2026-03-17 09:42:39,028] INFO [Partition E88CE3B5A920D238F51A02138EB31A958E263675D8178EC36980F329EEE8-6 broker=4] No checkpointed highwatermark is found for partition E88CE3B5A920D238F51A02138EB31A958E263675D8178EC36980F329EEE8-6 (kafka.cluster.Partition)
kafka3-1  | [2026-03-17 09:42:39,028] INFO [Partition E88CE3B5A920D238F51A02138EB31A958E263675D8178EC36980F329EEE8-6 broker=4] Log loaded for partition E88CE3B5A920D238F51A02138EB31A958E263675D8178EC36980F329EEE8-6 with initial high watermark 0 (kafka.cluster.Partition)
kafka2-1  | [2026-03-17 09:42:39,032] INFO [LogLoader partition=80953CCE4800FC85FE8F89A27456251B0FD98277E8E70CDB057FD049620C-2, dir=/tmp/kafka-logs] Loading producer state till offset 0 (org.apache.kafka.storage.internals.log.UnifiedLog)
kafka2-1  | [2026-03-17 09:42:39,033] INFO Created log for partition 80953CCE4800FC85FE8F89A27456251B0FD98277E8E70CDB057FD049620C-2 in /tmp/kafka-logs/80953CCE4800FC85FE8F89A27456251B0FD98277E8E70CDB057FD049620C-2 with properties {} (kafka.log.LogManager)
kafka2-1  | [2026-03-17 09:42:39,033] INFO [Partition 80953CCE4800FC85FE8F89A27456251B0FD98277E8E70CDB057FD049620C-2 broker=3] No checkpointed highwatermark is found for partition 80953CCE4800FC85FE8F89A27456251B0FD98277E8E70CDB057FD049620C-2 (kafka.cluster.Partition)
kafka2-1  | [2026-03-17 09:42:39,033] INFO [Partition 80953CCE4800FC85FE8F89A27456251B0FD98277E8E70CDB057FD049620C-2 broker=3] Log loaded for partition 80953CCE4800FC85FE8F89A27456251B0FD98277E8E70CDB057FD049620C-2 with initial high watermark 0 (kafka.cluster.Partition)
kafka3-1  | [2026-03-17 09:42:39,034] INFO [LogLoader partition=35FE7EC655D43E071F64C3817FAFB9947BBE4E0FB7A572C054D6E7776D3F-1, dir=/tmp/kafka-logs] Loading producer state till offset 0 (org.apache.kafka.storage.internals.log.UnifiedLog)
kafka1-1  | [2026-03-17 09:42:39,034] INFO [LogLoader partition=BBD1FACFC6998447C160BBE598A1C6E28C6747CB106D59051404777B1A20-2, dir=/tmp/kafka-logs] Loading producer state till offset 0 (org.apache.kafka.storage.internals.log.UnifiedLog)
kafka1-1  | [2026-03-17 09:42:39,035] INFO Created log for partition BBD1FACFC6998447C160BBE598A1C6E28C6747CB106D59051404777B1A20-2 in /tmp/kafka-logs/BBD1FACFC6998447C160BBE598A1C6E28C6747CB106D59051404777B1A20-2 with properties {} (kafka.log.LogManager)
kafka3-1  | [2026-03-17 09:42:39,034] INFO Created log for partition 35FE7EC655D43E071F64C3817FAFB9947BBE4E0FB7A572C054D6E7776D3F-1 in /tmp/kafka-logs/35FE7EC655D43E071F64C3817FAFB9947BBE4E0FB7A572C054D6E7776D3F-1 with properties {} (kafka.log.LogManager)
kafka3-1  | [2026-03-17 09:42:39,035] INFO [Partition 35FE7EC655D43E071F64C3817FAFB9947BBE4E0FB7A572C054D6E7776D3F-1 broker=4] No checkpointed highwatermark is found for partition 35FE7EC655D43E071F64C3817FAFB9947BBE4E0FB7A572C054D6E7776D3F-1 (kafka.cluster.Partition)
kafka3-1  | [2026-03-17 09:42:39,035] INFO [Partition 35FE7EC655D43E071F64C3817FAFB9947BBE4E0FB7A572C054D6E7776D3F-1 broker=4] Log loaded for partition 35FE7EC655D43E071F64C3817FAFB9947BBE4E0FB7A572C054D6E7776D3F-1 with initial high watermark 0 (kafka.cluster.Partition)
kafka1-1  | [2026-03-17 09:42:39,035] INFO [Partition BBD1FACFC6998447C160BBE598A1C6E28C6747CB106D59051404777B1A20-2 broker=2] No checkpointed highwatermark is found for partition BBD1FACFC6998447C160BBE598A1C6E28C6747CB106D59051404777B1A20-2 (kafka.cluster.Partition)
kafka1-1  | [2026-03-17 09:42:39,035] INFO [Partition BBD1FACFC6998447C160BBE598A1C6E28C6747CB106D59051404777B1A20-2 broker=2] Log loaded for partition BBD1FACFC6998447C160BBE598A1C6E28C6747CB106D59051404777B1A20-2 with initial high watermark 0 (kafka.cluster.Partition)
kafka2-1  | [2026-03-17 09:42:39,038] INFO [LogLoader partition=AB54A8C66BF36930CABC56FDD65FA6E20781376943050A2E272CC01EC5F6-11, dir=/tmp/kafka-logs] Loading producer state till offset 0 (org.apache.kafka.storage.internals.log.UnifiedLog)
kafka2-1  | [2026-03-17 09:42:39,038] INFO Created log for partition AB54A8C66BF36930CABC56FDD65FA6E20781376943050A2E272CC01EC5F6-11 in /tmp/kafka-logs/AB54A8C66BF36930CABC56FDD65FA6E20781376943050A2E272CC01EC5F6-11 with properties {} (kafka.log.LogManager)
kafka2-1  | [2026-03-17 09:42:39,038] INFO [Partition AB54A8C66BF36930CABC56FDD65FA6E20781376943050A2E272CC01EC5F6-11 broker=3] No checkpointed highwatermark is found for partition AB54A8C66BF36930CABC56FDD65FA6E20781376943050A2E272CC01EC5F6-11 (kafka.cluster.Partition)
kafka2-1  | [2026-03-17 09:42:39,038] INFO [Partition AB54A8C66BF36930CABC56FDD65FA6E20781376943050A2E272CC01EC5F6-11 broker=3] Log loaded for partition AB54A8C66BF36930CABC56FDD65FA6E20781376943050A2E272CC01EC5F6-11 with initial high watermark 0 (kafka.cluster.Partition)
kafka1-1  | [2026-03-17 09:42:39,039] INFO [LogLoader partition=AB54A8C66BF36930CABC56FDD65FA6E20781376943050A2E272CC01EC5F6-9, dir=/tmp/kafka-logs] Loading producer state till offset 0 (org.apache.kafka.storage.internals.log.UnifiedLog)
kafka1-1  | [2026-03-17 09:42:39,040] INFO Created log for partition AB54A8C66BF36930CABC56FDD65FA6E20781376943050A2E272CC01EC5F6-9 in /tmp/kafka-logs/AB54A8C66BF36930CABC56FDD65FA6E20781376943050A2E272CC01EC5F6-9 with properties {} (kafka.log.LogManager)
kafka1-1  | [2026-03-17 09:42:39,040] INFO [Partition AB54A8C66BF36930CABC56FDD65FA6E20781376943050A2E272CC01EC5F6-9 broker=2] No checkpointed highwatermark is found for partition AB54A8C66BF36930CABC56FDD65FA6E20781376943050A2E272CC01EC5F6-9 (kafka.cluster.Partition)
kafka1-1  | [2026-03-17 09:42:39,040] INFO [Partition AB54A8C66BF36930CABC56FDD65FA6E20781376943050A2E272CC01EC5F6-9 broker=2] Log loaded for partition AB54A8C66BF36930CABC56FDD65FA6E20781376943050A2E272CC01EC5F6-9 with initial high watermark 0 (kafka.cluster.Partition)
kafka3-1  | [2026-03-17 09:42:39,040] INFO [LogLoader partition=35FE7EC655D43E071F64C3817FAFB9947BBE4E0FB7A572C054D6E7776D3F-3, dir=/tmp/kafka-logs] Loading producer state till offset 0 (org.apache.kafka.storage.internals.log.UnifiedLog)
kafka3-1  | [2026-03-17 09:42:39,041] INFO Created log for partition 35FE7EC655D43E071F64C3817FAFB9947BBE4E0FB7A572C054D6E7776D3F-3 in /tmp/kafka-logs/35FE7EC655D43E071F64C3817FAFB9947BBE4E0FB7A572C054D6E7776D3F-3 with properties {} (kafka.log.LogManager)
kafka3-1  | [2026-03-17 09:42:39,041] INFO [Partition 35FE7EC655D43E071F64C3817FAFB9947BBE4E0FB7A572C054D6E7776D3F-3 broker=4] No checkpointed highwatermark is found for partition 35FE7EC655D43E071F64C3817FAFB9947BBE4E0FB7A572C054D6E7776D3F-3 (kafka.cluster.Partition)
kafka3-1  | [2026-03-17 09:42:39,041] INFO [Partition 35FE7EC655D43E071F64C3817FAFB9947BBE4E0FB7A572C054D6E7776D3F-3 broker=4] Log loaded for partition 35FE7EC655D43E071F64C3817FAFB9947BBE4E0FB7A572C054D6E7776D3F-3 with initial high watermark 0 (kafka.cluster.Partition)
kafka2-1  | [2026-03-17 09:42:39,044] INFO [LogLoader partition=F2D3DBC3682AF75D27CE0DA2176A4E0B534F4E00F525E2185237F9D3F3EB-10, dir=/tmp/kafka-logs] Loading producer state till offset 0 (org.apache.kafka.storage.internals.log.UnifiedLog)
kafka2-1  | [2026-03-17 09:42:39,044] INFO Created log for partition F2D3DBC3682AF75D27CE0DA2176A4E0B534F4E00F525E2185237F9D3F3EB-10 in /tmp/kafka-logs/F2D3DBC3682AF75D27CE0DA2176A4E0B534F4E00F525E2185237F9D3F3EB-10 with properties {} (kafka.log.LogManager)
kafka2-1  | [2026-03-17 09:42:39,044] INFO [Partition F2D3DBC3682AF75D27CE0DA2176A4E0B534F4E00F525E2185237F9D3F3EB-10 broker=3] No checkpointed highwatermark is found for partition F2D3DBC3682AF75D27CE0DA2176A4E0B534F4E00F525E2185237F9D3F3EB-10 (kafka.cluster.Partition)
