kafka3-1  | [2026-03-17 13:18:01,344] INFO [Partition 3B9FF15FBFEBCAE7AFBE903F66113347BCE958EDA390E70DB2B68ACDCC9D-0 broker=4] Log loaded for partition 3B9FF15FBFEBCAE7AFBE903F66113347BCE958EDA390E70DB2B68ACDCC9D-0 with initial high watermark 0 (kafka.cluster.Partition)
kafka2-1  | [2026-03-17 13:18:01,344] INFO [LogLoader partition=C903D98A484857596E088205F7063B8F22849CF248C3EC2ED8F634C41F6B-3, dir=/tmp/kafka-logs] Loading producer state till offset 0 (org.apache.kafka.storage.internals.log.UnifiedLog)
kafka2-1  | [2026-03-17 13:18:01,344] INFO Created log for partition C903D98A484857596E088205F7063B8F22849CF248C3EC2ED8F634C41F6B-3 in /tmp/kafka-logs/C903D98A484857596E088205F7063B8F22849CF248C3EC2ED8F634C41F6B-3 with properties {} (kafka.log.LogManager)
kafka2-1  | [2026-03-17 13:18:01,345] INFO [Partition C903D98A484857596E088205F7063B8F22849CF248C3EC2ED8F634C41F6B-3 broker=3] No checkpointed highwatermark is found for partition C903D98A484857596E088205F7063B8F22849CF248C3EC2ED8F634C41F6B-3 (kafka.cluster.Partition)
kafka2-1  | [2026-03-17 13:18:01,345] INFO [Partition C903D98A484857596E088205F7063B8F22849CF248C3EC2ED8F634C41F6B-3 broker=3] Log loaded for partition C903D98A484857596E088205F7063B8F22849CF248C3EC2ED8F634C41F6B-3 with initial high watermark 0 (kafka.cluster.Partition)
kafka2-1  | [2026-03-17 13:18:01,348] INFO [LogLoader partition=668AA87E7E4314F25E92628A32425FB646CED55706C4F09AA9C1D17829F1-2, dir=/tmp/kafka-logs] Loading producer state till offset 0 (org.apache.kafka.storage.internals.log.UnifiedLog)
kafka3-1  | [2026-03-17 13:18:01,349] INFO [LogLoader partition=C903D98A484857596E088205F7063B8F22849CF248C3EC2ED8F634C41F6B-1, dir=/tmp/kafka-logs] Loading producer state till offset 0 (org.apache.kafka.storage.internals.log.UnifiedLog)
kafka2-1  | [2026-03-17 13:18:01,350] INFO Created log for partition 668AA87E7E4314F25E92628A32425FB646CED55706C4F09AA9C1D17829F1-2 in /tmp/kafka-logs/668AA87E7E4314F25E92628A32425FB646CED55706C4F09AA9C1D17829F1-2 with properties {} (kafka.log.LogManager)
kafka3-1  | [2026-03-17 13:18:01,349] INFO Created log for partition C903D98A484857596E088205F7063B8F22849CF248C3EC2ED8F634C41F6B-1 in /tmp/kafka-logs/C903D98A484857596E088205F7063B8F22849CF248C3EC2ED8F634C41F6B-1 with properties {} (kafka.log.LogManager)
kafka2-1  | [2026-03-17 13:18:01,350] INFO [Partition 668AA87E7E4314F25E92628A32425FB646CED55706C4F09AA9C1D17829F1-2 broker=3] No checkpointed highwatermark is found for partition 668AA87E7E4314F25E92628A32425FB646CED55706C4F09AA9C1D17829F1-2 (kafka.cluster.Partition)
kafka2-1  | [2026-03-17 13:18:01,350] INFO [Partition 668AA87E7E4314F25E92628A32425FB646CED55706C4F09AA9C1D17829F1-2 broker=3] Log loaded for partition 668AA87E7E4314F25E92628A32425FB646CED55706C4F09AA9C1D17829F1-2 with initial high watermark 0 (kafka.cluster.Partition)
kafka3-1  | [2026-03-17 13:18:01,350] INFO [Partition C903D98A484857596E088205F7063B8F22849CF248C3EC2ED8F634C41F6B-1 broker=4] No checkpointed highwatermark is found for partition C903D98A484857596E088205F7063B8F22849CF248C3EC2ED8F634C41F6B-1 (kafka.cluster.Partition)
kafka3-1  | [2026-03-17 13:18:01,350] INFO [Partition C903D98A484857596E088205F7063B8F22849CF248C3EC2ED8F634C41F6B-1 broker=4] Log loaded for partition C903D98A484857596E088205F7063B8F22849CF248C3EC2ED8F634C41F6B-1 with initial high watermark 0 (kafka.cluster.Partition)
kafka3-1  | [2026-03-17 13:18:01,357] INFO [LogLoader partition=862185A291D142CA9F33451A7DAFC1354F4B3CA22FCD9017A3D9A028168B-3, dir=/tmp/kafka-logs] Loading producer state till offset 0 (org.apache.kafka.storage.internals.log.UnifiedLog)
kafka3-1  | [2026-03-17 13:18:01,358] INFO Created log for partition 862185A291D142CA9F33451A7DAFC1354F4B3CA22FCD9017A3D9A028168B-3 in /tmp/kafka-logs/862185A291D142CA9F33451A7DAFC1354F4B3CA22FCD9017A3D9A028168B-3 with properties {} (kafka.log.LogManager)
kafka3-1  | [2026-03-17 13:18:01,358] INFO [Partition 862185A291D142CA9F33451A7DAFC1354F4B3CA22FCD9017A3D9A028168B-3 broker=4] No checkpointed highwatermark is found for partition 862185A291D142CA9F33451A7DAFC1354F4B3CA22FCD9017A3D9A028168B-3 (kafka.cluster.Partition)
kafka3-1  | [2026-03-17 13:18:01,359] INFO [Partition 862185A291D142CA9F33451A7DAFC1354F4B3CA22FCD9017A3D9A028168B-3 broker=4] Log loaded for partition 862185A291D142CA9F33451A7DAFC1354F4B3CA22FCD9017A3D9A028168B-3 with initial high watermark 0 (kafka.cluster.Partition)
kafka2-1  | [2026-03-17 13:18:01,358] INFO [LogLoader partition=C903D98A484857596E088205F7063B8F22849CF248C3EC2ED8F634C41F6B-0, dir=/tmp/kafka-logs] Loading producer state till offset 0 (org.apache.kafka.storage.internals.log.UnifiedLog)
kafka2-1  | [2026-03-17 13:18:01,360] INFO Created log for partition C903D98A484857596E088205F7063B8F22849CF248C3EC2ED8F634C41F6B-0 in /tmp/kafka-logs/C903D98A484857596E088205F7063B8F22849CF248C3EC2ED8F634C41F6B-0 with properties {} (kafka.log.LogManager)
kafka2-1  | [2026-03-17 13:18:01,364] INFO [Partition C903D98A484857596E088205F7063B8F22849CF248C3EC2ED8F634C41F6B-0 broker=3] No checkpointed highwatermark is found for partition C903D98A484857596E088205F7063B8F22849CF248C3EC2ED8F634C41F6B-0 (kafka.cluster.Partition)
kafka2-1  | [2026-03-17 13:18:01,365] INFO [Partition C903D98A484857596E088205F7063B8F22849CF248C3EC2ED8F634C41F6B-0 broker=3] Log loaded for partition C903D98A484857596E088205F7063B8F22849CF248C3EC2ED8F634C41F6B-0 with initial high watermark 0 (kafka.cluster.Partition)
kafka3-1  | [2026-03-17 13:18:01,365] INFO [LogLoader partition=58C21916883836B7A37081EDAD1D537F4D32182FC7CF9912EA822BC6527A-2, dir=/tmp/kafka-logs] Loading producer state till offset 0 (org.apache.kafka.storage.internals.log.UnifiedLog)
kafka3-1  | [2026-03-17 13:18:01,366] INFO Created log for partition 58C21916883836B7A37081EDAD1D537F4D32182FC7CF9912EA822BC6527A-2 in /tmp/kafka-logs/58C21916883836B7A37081EDAD1D537F4D32182FC7CF9912EA822BC6527A-2 with properties {} (kafka.log.LogManager)
kafka3-1  | [2026-03-17 13:18:01,366] INFO [Partition 58C21916883836B7A37081EDAD1D537F4D32182FC7CF9912EA822BC6527A-2 broker=4] No checkpointed highwatermark is found for partition 58C21916883836B7A37081EDAD1D537F4D32182FC7CF9912EA822BC6527A-2 (kafka.cluster.Partition)
kafka3-1  | [2026-03-17 13:18:01,366] INFO [Partition 58C21916883836B7A37081EDAD1D537F4D32182FC7CF9912EA822BC6527A-2 broker=4] Log loaded for partition 58C21916883836B7A37081EDAD1D537F4D32182FC7CF9912EA822BC6527A-2 with initial high watermark 0 (kafka.cluster.Partition)
kafka3-1  | [2026-03-17 13:18:01,368] INFO [LogLoader partition=862185A291D142CA9F33451A7DAFC1354F4B3CA22FCD9017A3D9A028168B-2, dir=/tmp/kafka-logs] Loading producer state till offset 0 (org.apache.kafka.storage.internals.log.UnifiedLog)
kafka3-1  | [2026-03-17 13:18:01,369] INFO Created log for partition 862185A291D142CA9F33451A7DAFC1354F4B3CA22FCD9017A3D9A028168B-2 in /tmp/kafka-logs/862185A291D142CA9F33451A7DAFC1354F4B3CA22FCD9017A3D9A028168B-2 with properties {} (kafka.log.LogManager)
kafka3-1  | [2026-03-17 13:18:01,369] INFO [Partition 862185A291D142CA9F33451A7DAFC1354F4B3CA22FCD9017A3D9A028168B-2 broker=4] No checkpointed highwatermark is found for partition 862185A291D142CA9F33451A7DAFC1354F4B3CA22FCD9017A3D9A028168B-2 (kafka.cluster.Partition)
kafka3-1  | [2026-03-17 13:18:01,369] INFO [Partition 862185A291D142CA9F33451A7DAFC1354F4B3CA22FCD9017A3D9A028168B-2 broker=4] Log loaded for partition 862185A291D142CA9F33451A7DAFC1354F4B3CA22FCD9017A3D9A028168B-2 with initial high watermark 0 (kafka.cluster.Partition)
kafka2-1  | [2026-03-17 13:18:01,370] INFO [LogLoader partition=668AA87E7E4314F25E92628A32425FB646CED55706C4F09AA9C1D17829F1-4, dir=/tmp/kafka-logs] Loading producer state till offset 0 (org.apache.kafka.storage.internals.log.UnifiedLog)
kafka2-1  | [2026-03-17 13:18:01,371] INFO Created log for partition 668AA87E7E4314F25E92628A32425FB646CED55706C4F09AA9C1D17829F1-4 in /tmp/kafka-logs/668AA87E7E4314F25E92628A32425FB646CED55706C4F09AA9C1D17829F1-4 with properties {} (kafka.log.LogManager)
kafka2-1  | [2026-03-17 13:18:01,372] INFO [Partition 668AA87E7E4314F25E92628A32425FB646CED55706C4F09AA9C1D17829F1-4 broker=3] No checkpointed highwatermark is found for partition 668AA87E7E4314F25E92628A32425FB646CED55706C4F09AA9C1D17829F1-4 (kafka.cluster.Partition)
kafka2-1  | [2026-03-17 13:18:01,372] INFO [Partition 668AA87E7E4314F25E92628A32425FB646CED55706C4F09AA9C1D17829F1-4 broker=3] Log loaded for partition 668AA87E7E4314F25E92628A32425FB646CED55706C4F09AA9C1D17829F1-4 with initial high watermark 0 (kafka.cluster.Partition)
kafka3-1  | [2026-03-17 13:18:01,372] INFO [LogLoader partition=58C21916883836B7A37081EDAD1D537F4D32182FC7CF9912EA822BC6527A-4, dir=/tmp/kafka-logs] Loading producer state till offset 0 (org.apache.kafka.storage.internals.log.UnifiedLog)
kafka3-1  | [2026-03-17 13:18:01,373] INFO Created log for partition 58C21916883836B7A37081EDAD1D537F4D32182FC7CF9912EA822BC6527A-4 in /tmp/kafka-logs/58C21916883836B7A37081EDAD1D537F4D32182FC7CF9912EA822BC6527A-4 with properties {} (kafka.log.LogManager)
kafka3-1  | [2026-03-17 13:18:01,373] INFO [Partition 58C21916883836B7A37081EDAD1D537F4D32182FC7CF9912EA822BC6527A-4 broker=4] No checkpointed highwatermark is found for partition 58C21916883836B7A37081EDAD1D537F4D32182FC7CF9912EA822BC6527A-4 (kafka.cluster.Partition)
kafka3-1  | [2026-03-17 13:18:01,373] INFO [Partition 58C21916883836B7A37081EDAD1D537F4D32182FC7CF9912EA822BC6527A-4 broker=4] Log loaded for partition 58C21916883836B7A37081EDAD1D537F4D32182FC7CF9912EA822BC6527A-4 with initial high watermark 0 (kafka.cluster.Partition)
kafka3-1  | [2026-03-17 13:18:01,376] INFO [LogLoader partition=668AA87E7E4314F25E92628A32425FB646CED55706C4F09AA9C1D17829F1-0, dir=/tmp/kafka-logs] Loading producer state till offset 0 (org.apache.kafka.storage.internals.log.UnifiedLog)
kafka2-1  | [2026-03-17 13:18:01,377] INFO [LogLoader partition=58C21916883836B7A37081EDAD1D537F4D32182FC7CF9912EA822BC6527A-3, dir=/tmp/kafka-logs] Loading producer state till offset 0 (org.apache.kafka.storage.internals.log.UnifiedLog)
kafka3-1  | [2026-03-17 13:18:01,377] INFO Created log for partition 668AA87E7E4314F25E92628A32425FB646CED55706C4F09AA9C1D17829F1-0 in /tmp/kafka-logs/668AA87E7E4314F25E92628A32425FB646CED55706C4F09AA9C1D17829F1-0 with properties {} (kafka.log.LogManager)
kafka3-1  | [2026-03-17 13:18:01,377] INFO [Partition 668AA87E7E4314F25E92628A32425FB646CED55706C4F09AA9C1D17829F1-0 broker=4] No checkpointed highwatermark is found for partition 668AA87E7E4314F25E92628A32425FB646CED55706C4F09AA9C1D17829F1-0 (kafka.cluster.Partition)
kafka3-1  | [2026-03-17 13:18:01,377] INFO [Partition 668AA87E7E4314F25E92628A32425FB646CED55706C4F09AA9C1D17829F1-0 broker=4] Log loaded for partition 668AA87E7E4314F25E92628A32425FB646CED55706C4F09AA9C1D17829F1-0 with initial high watermark 0 (kafka.cluster.Partition)
kafka3-1  | [2026-03-17 13:18:01,378] INFO [ReplicaFetcherManager on broker 4] Removed fetcher for partitions Set(668AA87E7E4314F25E92628A32425FB646CED55706C4F09AA9C1D17829F1-3, C903D98A484857596E088205F7063B8F22849CF248C3EC2ED8F634C41F6B-1, 3B9FF15FBFEBCAE7AFBE903F66113347BCE958EDA390E70DB2B68ACDCC9D-0, 862185A291D142CA9F33451A7DAFC1354F4B3CA22FCD9017A3D9A028168B-3, 58C21916883836B7A37081EDAD1D537F4D32182FC7CF9912EA822BC6527A-2, 862185A291D142CA9F33451A7DAFC1354F4B3CA22FCD9017A3D9A028168B-2, 58C21916883836B7A37081EDAD1D537F4D32182FC7CF9912EA822BC6527A-4, 668AA87E7E4314F25E92628A32425FB646CED55706C4F09AA9C1D17829F1-0) (kafka.server.ReplicaFetcherManager)
kafka3-1  | [2026-03-17 13:18:01,379] INFO [ReplicaFetcherManager on broker 4] Added fetcher to broker 2 for partitions HashMap(668AA87E7E4314F25E92628A32425FB646CED55706C4F09AA9C1D17829F1-3 -> InitialFetchState(Some(FIdC7rbvReibjdKWb4EnBQ),BrokerEndPoint[id=2, host=localhost, port=19091],0,0)) (kafka.server.ReplicaFetcherManager)
kafka3-1  | [2026-03-17 13:18:01,380] INFO [ReplicaFetcherManager on broker 4] Added fetcher to broker 3 for partitions HashMap(C903D98A484857596E088205F7063B8F22849CF248C3EC2ED8F634C41F6B-1 -> InitialFetchState(Some(4LyVW8e3So2iCUZbDpf-cw),BrokerEndPoint[id=3, host=localhost, port=29091],0,0), 3B9FF15FBFEBCAE7AFBE903F66113347BCE958EDA390E70DB2B68ACDCC9D-0 -> InitialFetchState(Some(j77a7KBZRIO1tPT67VvsFA),BrokerEndPoint[id=3, host=localhost, port=29091],0,0), 862185A291D142CA9F33451A7DAFC1354F4B3CA22FCD9017A3D9A028168B-3 -> InitialFetchState(Some(7qdG5ARETQexUZYwf9B7kQ),BrokerEndPoint[id=3, host=localhost, port=29091],0,0), 58C21916883836B7A37081EDAD1D537F4D32182FC7CF9912EA822BC6527A-2 -> InitialFetchState(Some(hsqVOJV-TiShMIQftZWeCA),BrokerEndPoint[id=3, host=localhost, port=29091],0,0), 862185A291D142CA9F33451A7DAFC1354F4B3CA22FCD9017A3D9A028168B-2 -> InitialFetchState(Some(7qdG5ARETQexUZYwf9B7kQ),BrokerEndPoint[id=3, host=localhost, port=29091],0,0), 58C21916883836B7A37081EDAD1D537F4D32182FC7CF9912EA822BC6527A-4 -> InitialFetchState(Some(hsqVOJV-TiShMIQftZWeCA),BrokerEndPoint[id=3, host=localhost, port=29091],0,0), 668AA87E7E4314F25E92628A32425FB646CED55706C4F09AA9C1D17829F1-0 -> InitialFetchState(Some(FIdC7rbvReibjdKWb4EnBQ),BrokerEndPoint[id=3, host=localhost, port=29091],0,0)) (kafka.server.ReplicaFetcherManager)
kafka3-1  | [2026-03-17 13:18:01,380] INFO [ReplicaFetcher replicaId=4, leaderId=2, fetcherId=0] Truncating partition 668AA87E7E4314F25E92628A32425FB646CED55706C4F09AA9C1D17829F1-3 with TruncationState(offset=0, completed=true) due to local high watermark 0 (kafka.server.ReplicaFetcherThread)
kafka3-1  | [2026-03-17 13:18:01,380] INFO [UnifiedLog partition=668AA87E7E4314F25E92628A32425FB646CED55706C4F09AA9C1D17829F1-3, dir=/tmp/kafka-logs] Truncating to 0 has no effect as the largest offset in the log is -1 (org.apache.kafka.storage.internals.log.UnifiedLog)
kafka2-1  | [2026-03-17 13:18:01,380] INFO Created log for partition 58C21916883836B7A37081EDAD1D537F4D32182FC7CF9912EA822BC6527A-3 in /tmp/kafka-logs/58C21916883836B7A37081EDAD1D537F4D32182FC7CF9912EA822BC6527A-3 with properties {} (kafka.log.LogManager)
kafka2-1  | [2026-03-17 13:18:01,381] INFO [Partition 58C21916883836B7A37081EDAD1D537F4D32182FC7CF9912EA822BC6527A-3 broker=3] No checkpointed highwatermark is found for partition 58C21916883836B7A37081EDAD1D537F4D32182FC7CF9912EA822BC6527A-3 (kafka.cluster.Partition)
kafka2-1  | [2026-03-17 13:18:01,381] INFO [Partition 58C21916883836B7A37081EDAD1D537F4D32182FC7CF9912EA822BC6527A-3 broker=3] Log loaded for partition 58C21916883836B7A37081EDAD1D537F4D32182FC7CF9912EA822BC6527A-3 with initial high watermark 0 (kafka.cluster.Partition)
kafka2-1  | [2026-03-17 13:18:01,387] INFO [LogLoader partition=862185A291D142CA9F33451A7DAFC1354F4B3CA22FCD9017A3D9A028168B-1, dir=/tmp/kafka-logs] Loading producer state till offset 0 (org.apache.kafka.storage.internals.log.UnifiedLog)
kafka2-1  | [2026-03-17 13:18:01,389] INFO Created log for partition 862185A291D142CA9F33451A7DAFC1354F4B3CA22FCD9017A3D9A028168B-1 in /tmp/kafka-logs/862185A291D142CA9F33451A7DAFC1354F4B3CA22FCD9017A3D9A028168B-1 with properties {} (kafka.log.LogManager)
kafka2-1  | [2026-03-17 13:18:01,389] INFO [Partition 862185A291D142CA9F33451A7DAFC1354F4B3CA22FCD9017A3D9A028168B-1 broker=3] No checkpointed highwatermark is found for partition 862185A291D142CA9F33451A7DAFC1354F4B3CA22FCD9017A3D9A028168B-1 (kafka.cluster.Partition)
kafka2-1  | [2026-03-17 13:18:01,390] INFO [Partition 862185A291D142CA9F33451A7DAFC1354F4B3CA22FCD9017A3D9A028168B-1 broker=3] Log loaded for partition 862185A291D142CA9F33451A7DAFC1354F4B3CA22FCD9017A3D9A028168B-1 with initial high watermark 0 (kafka.cluster.Partition)
kafka2-1  | [2026-03-17 13:18:01,394] INFO [LogLoader partition=58C21916883836B7A37081EDAD1D537F4D32182FC7CF9912EA822BC6527A-1, dir=/tmp/kafka-logs] Loading producer state till offset 0 (org.apache.kafka.storage.internals.log.UnifiedLog)
kafka2-1  | [2026-03-17 13:18:01,394] INFO Created log for partition 58C21916883836B7A37081EDAD1D537F4D32182FC7CF9912EA822BC6527A-1 in /tmp/kafka-logs/58C21916883836B7A37081EDAD1D537F4D32182FC7CF9912EA822BC6527A-1 with properties {} (kafka.log.LogManager)
kafka2-1  | [2026-03-17 13:18:01,395] INFO [Partition 58C21916883836B7A37081EDAD1D537F4D32182FC7CF9912EA822BC6527A-1 broker=3] No checkpointed highwatermark is found for partition 58C21916883836B7A37081EDAD1D537F4D32182FC7CF9912EA822BC6527A-1 (kafka.cluster.Partition)
kafka2-1  | [2026-03-17 13:18:01,395] INFO [Partition 58C21916883836B7A37081EDAD1D537F4D32182FC7CF9912EA822BC6527A-1 broker=3] Log loaded for partition 58C21916883836B7A37081EDAD1D537F4D32182FC7CF9912EA822BC6527A-1 with initial high watermark 0 (kafka.cluster.Partition)
kafka2-1  | [2026-03-17 13:18:01,395] INFO [ReplicaFetcherManager on broker 3] Removed fetcher for partitions Set(668AA87E7E4314F25E92628A32425FB646CED55706C4F09AA9C1D17829F1-6, C903D98A484857596E088205F7063B8F22849CF248C3EC2ED8F634C41F6B-3, 668AA87E7E4314F25E92628A32425FB646CED55706C4F09AA9C1D17829F1-2, C903D98A484857596E088205F7063B8F22849CF248C3EC2ED8F634C41F6B-0, 668AA87E7E4314F25E92628A32425FB646CED55706C4F09AA9C1D17829F1-4, 58C21916883836B7A37081EDAD1D537F4D32182FC7CF9912EA822BC6527A-3, 862185A291D142CA9F33451A7DAFC1354F4B3CA22FCD9017A3D9A028168B-1, 58C21916883836B7A37081EDAD1D537F4D32182FC7CF9912EA822BC6527A-1) (kafka.server.ReplicaFetcherManager)
kafka2-1  | [2026-03-17 13:18:01,396] INFO [ReplicaFetcherManager on broker 3] Added fetcher to broker 2 for partitions HashMap(668AA87E7E4314F25E92628A32425FB646CED55706C4F09AA9C1D17829F1-2 -> InitialFetchState(Some(FIdC7rbvReibjdKWb4EnBQ),BrokerEndPoint[id=2, host=localhost, port=19091],0,0), C903D98A484857596E088205F7063B8F22849CF248C3EC2ED8F634C41F6B-0 -> InitialFetchState(Some(4LyVW8e3So2iCUZbDpf-cw),BrokerEndPoint[id=2, host=localhost, port=19091],0,0), 58C21916883836B7A37081EDAD1D537F4D32182FC7CF9912EA822BC6527A-3 -> InitialFetchState(Some(hsqVOJV-TiShMIQftZWeCA),BrokerEndPoint[id=2, host=localhost, port=19091],0,0), 862185A291D142CA9F33451A7DAFC1354F4B3CA22FCD9017A3D9A028168B-1 -> InitialFetchState(Some(7qdG5ARETQexUZYwf9B7kQ),BrokerEndPoint[id=2, host=localhost, port=19091],0,0), 58C21916883836B7A37081EDAD1D537F4D32182FC7CF9912EA822BC6527A-1 -> InitialFetchState(Some(hsqVOJV-TiShMIQftZWeCA),BrokerEndPoint[id=2, host=localhost, port=19091],0,0)) (kafka.server.ReplicaFetcherManager)
kafka2-1  | [2026-03-17 13:18:01,396] INFO [ReplicaFetcherManager on broker 3] Added fetcher to broker 4 for partitions HashMap(668AA87E7E4314F25E92628A32425FB646CED55706C4F09AA9C1D17829F1-6 -> InitialFetchState(Some(FIdC7rbvReibjdKWb4EnBQ),BrokerEndPoint[id=4, host=localhost, port=39091],0,0), C903D98A484857596E088205F7063B8F22849CF248C3EC2ED8F634C41F6B-3 -> InitialFetchState(Some(4LyVW8e3So2iCUZbDpf-cw),BrokerEndPoint[id=4, host=localhost, port=39091],0,0), 668AA87E7E4314F25E92628A32425FB646CED55706C4F09AA9C1D17829F1-4 -> InitialFetchState(Some(FIdC7rbvReibjdKWb4EnBQ),BrokerEndPoint[id=4, host=localhost, port=39091],0,0)) (kafka.server.ReplicaFetcherManager)
kafka3-1  | [2026-03-17 13:18:01,400] INFO [ReplicaFetcher replicaId=4, leaderId=3, fetcherId=0] Truncating partition C903D98A484857596E088205F7063B8F22849CF248C3EC2ED8F634C41F6B-1 with TruncationState(offset=0, completed=true) due to local high watermark 0 (kafka.server.ReplicaFetcherThread)
kafka3-1  | [2026-03-17 13:18:01,400] INFO [UnifiedLog partition=C903D98A484857596E088205F7063B8F22849CF248C3EC2ED8F634C41F6B-1, dir=/tmp/kafka-logs] Truncating to 0 has no effect as the largest offset in the log is -1 (org.apache.kafka.storage.internals.log.UnifiedLog)
kafka3-1  | [2026-03-17 13:18:01,401] INFO [ReplicaFetcher replicaId=4, leaderId=3, fetcherId=0] Truncating partition 3B9FF15FBFEBCAE7AFBE903F66113347BCE958EDA390E70DB2B68ACDCC9D-0 with TruncationState(offset=0, completed=true) due to local high watermark 0 (kafka.server.ReplicaFetcherThread)
kafka3-1  | [2026-03-17 13:18:01,401] INFO [UnifiedLog partition=3B9FF15FBFEBCAE7AFBE903F66113347BCE958EDA390E70DB2B68ACDCC9D-0, dir=/tmp/kafka-logs] Truncating to 0 has no effect as the largest offset in the log is -1 (org.apache.kafka.storage.internals.log.UnifiedLog)
kafka3-1  | [2026-03-17 13:18:01,402] INFO [ReplicaFetcher replicaId=4, leaderId=3, fetcherId=0] Truncating partition 862185A291D142CA9F33451A7DAFC1354F4B3CA22FCD9017A3D9A028168B-3 with TruncationState(offset=0, completed=true) due to local high watermark 0 (kafka.server.ReplicaFetcherThread)
kafka3-1  | [2026-03-17 13:18:01,402] INFO [UnifiedLog partition=862185A291D142CA9F33451A7DAFC1354F4B3CA22FCD9017A3D9A028168B-3, dir=/tmp/kafka-logs] Truncating to 0 has no effect as the largest offset in the log is -1 (org.apache.kafka.storage.internals.log.UnifiedLog)
kafka3-1  | [2026-03-17 13:18:01,402] INFO [ReplicaFetcher replicaId=4, leaderId=3, fetcherId=0] Truncating partition 58C21916883836B7A37081EDAD1D537F4D32182FC7CF9912EA822BC6527A-2 with TruncationState(offset=0, completed=true) due to local high watermark 0 (kafka.server.ReplicaFetcherThread)
kafka3-1  | [2026-03-17 13:18:01,402] INFO [UnifiedLog partition=58C21916883836B7A37081EDAD1D537F4D32182FC7CF9912EA822BC6527A-2, dir=/tmp/kafka-logs] Truncating to 0 has no effect as the largest offset in the log is -1 (org.apache.kafka.storage.internals.log.UnifiedLog)
kafka3-1  | [2026-03-17 13:18:01,402] INFO [ReplicaFetcher replicaId=4, leaderId=3, fetcherId=0] Truncating partition 862185A291D142CA9F33451A7DAFC1354F4B3CA22FCD9017A3D9A028168B-2 with TruncationState(offset=0, completed=true) due to local high watermark 0 (kafka.server.ReplicaFetcherThread)
kafka3-1  | [2026-03-17 13:18:01,402] INFO [UnifiedLog partition=862185A291D142CA9F33451A7DAFC1354F4B3CA22FCD9017A3D9A028168B-2, dir=/tmp/kafka-logs] Truncating to 0 has no effect as the largest offset in the log is -1 (org.apache.kafka.storage.internals.log.UnifiedLog)
kafka3-1  | [2026-03-17 13:18:01,402] INFO [ReplicaFetcher replicaId=4, leaderId=3, fetcherId=0] Truncating partition 58C21916883836B7A37081EDAD1D537F4D32182FC7CF9912EA822BC6527A-4 with TruncationState(offset=0, completed=true) due to local high watermark 0 (kafka.server.ReplicaFetcherThread)
kafka3-1  | [2026-03-17 13:18:01,402] INFO [UnifiedLog partition=58C21916883836B7A37081EDAD1D537F4D32182FC7CF9912EA822BC6527A-4, dir=/tmp/kafka-logs] Truncating to 0 has no effect as the largest offset in the log is -1 (org.apache.kafka.storage.internals.log.UnifiedLog)
kafka3-1  | [2026-03-17 13:18:01,402] INFO [ReplicaFetcher replicaId=4, leaderId=3, fetcherId=0] Truncating partition 668AA87E7E4314F25E92628A32425FB646CED55706C4F09AA9C1D17829F1-0 with TruncationState(offset=0, completed=true) due to local high watermark 0 (kafka.server.ReplicaFetcherThread)
kafka3-1  | [2026-03-17 13:18:01,402] INFO [UnifiedLog partition=668AA87E7E4314F25E92628A32425FB646CED55706C4F09AA9C1D17829F1-0, dir=/tmp/kafka-logs] Truncating to 0 has no effect as the largest offset in the log is -1 (org.apache.kafka.storage.internals.log.UnifiedLog)
kafka2-1  | [2026-03-17 13:18:01,411] INFO [ReplicaFetcher replicaId=3, leaderId=2, fetcherId=0] Truncating partition 668AA87E7E4314F25E92628A32425FB646CED55706C4F09AA9C1D17829F1-2 with TruncationState(offset=0, completed=true) due to local high watermark 0 (kafka.server.ReplicaFetcherThread)
kafka2-1  | [2026-03-17 13:18:01,412] INFO [UnifiedLog partition=668AA87E7E4314F25E92628A32425FB646CED55706C4F09AA9C1D17829F1-2, dir=/tmp/kafka-logs] Truncating to 0 has no effect as the largest offset in the log is -1 (org.apache.kafka.storage.internals.log.UnifiedLog)
kafka2-1  | [2026-03-17 13:18:01,412] INFO [ReplicaFetcher replicaId=3, leaderId=2, fetcherId=0] Truncating partition C903D98A484857596E088205F7063B8F22849CF248C3EC2ED8F634C41F6B-0 with TruncationState(offset=0, completed=true) due to local high watermark 0 (kafka.server.ReplicaFetcherThread)
kafka2-1  | [2026-03-17 13:18:01,412] INFO [UnifiedLog partition=C903D98A484857596E088205F7063B8F22849CF248C3EC2ED8F634C41F6B-0, dir=/tmp/kafka-logs] Truncating to 0 has no effect as the largest offset in the log is -1 (org.apache.kafka.storage.internals.log.UnifiedLog)
kafka2-1  | [2026-03-17 13:18:01,413] INFO [ReplicaFetcher replicaId=3, leaderId=2, fetcherId=0] Truncating partition 58C21916883836B7A37081EDAD1D537F4D32182FC7CF9912EA822BC6527A-3 with TruncationState(offset=0, completed=true) due to local high watermark 0 (kafka.server.ReplicaFetcherThread)
kafka2-1  | [2026-03-17 13:18:01,413] INFO [UnifiedLog partition=58C21916883836B7A37081EDAD1D537F4D32182FC7CF9912EA822BC6527A-3, dir=/tmp/kafka-logs] Truncating to 0 has no effect as the largest offset in the log is -1 (org.apache.kafka.storage.internals.log.UnifiedLog)
kafka2-1  | [2026-03-17 13:18:01,413] INFO [ReplicaFetcher replicaId=3, leaderId=2, fetcherId=0] Truncating partition 862185A291D142CA9F33451A7DAFC1354F4B3CA22FCD9017A3D9A028168B-1 with TruncationState(offset=0, completed=true) due to local high watermark 0 (kafka.server.ReplicaFetcherThread)
kafka2-1  | [2026-03-17 13:18:01,413] INFO [UnifiedLog partition=862185A291D142CA9F33451A7DAFC1354F4B3CA22FCD9017A3D9A028168B-1, dir=/tmp/kafka-logs] Truncating to 0 has no effect as the largest offset in the log is -1 (org.apache.kafka.storage.internals.log.UnifiedLog)
kafka2-1  | [2026-03-17 13:18:01,414] INFO [ReplicaFetcher replicaId=3, leaderId=2, fetcherId=0] Truncating partition 58C21916883836B7A37081EDAD1D537F4D32182FC7CF9912EA822BC6527A-1 with TruncationState(offset=0, completed=true) due to local high watermark 0 (kafka.server.ReplicaFetcherThread)
kafka2-1  | [2026-03-17 13:18:01,414] INFO [UnifiedLog partition=58C21916883836B7A37081EDAD1D537F4D32182FC7CF9912EA822BC6527A-1, dir=/tmp/kafka-logs] Truncating to 0 has no effect as the largest offset in the log is -1 (org.apache.kafka.storage.internals.log.UnifiedLog)
kafka2-1  | [2026-03-17 13:18:01,472] INFO [ReplicaFetcher replicaId=3, leaderId=4, fetcherId=0] Truncating partition 668AA87E7E4314F25E92628A32425FB646CED55706C4F09AA9C1D17829F1-6 with TruncationState(offset=0, completed=true) due to local high watermark 0 (kafka.server.ReplicaFetcherThread)
kafka2-1  | [2026-03-17 13:18:01,472] INFO [UnifiedLog partition=668AA87E7E4314F25E92628A32425FB646CED55706C4F09AA9C1D17829F1-6, dir=/tmp/kafka-logs] Truncating to 0 has no effect as the largest offset in the log is -1 (org.apache.kafka.storage.internals.log.UnifiedLog)
kafka2-1  | [2026-03-17 13:18:01,475] INFO [ReplicaFetcher replicaId=3, leaderId=4, fetcherId=0] Truncating partition C903D98A484857596E088205F7063B8F22849CF248C3EC2ED8F634C41F6B-3 with TruncationState(offset=0, completed=true) due to local high watermark 0 (kafka.server.ReplicaFetcherThread)
kafka2-1  | [2026-03-17 13:18:01,475] INFO [UnifiedLog partition=C903D98A484857596E088205F7063B8F22849CF248C3EC2ED8F634C41F6B-3, dir=/tmp/kafka-logs] Truncating to 0 has no effect as the largest offset in the log is -1 (org.apache.kafka.storage.internals.log.UnifiedLog)
kafka2-1  | [2026-03-17 13:18:01,475] INFO [ReplicaFetcher replicaId=3, leaderId=4, fetcherId=0] Truncating partition 668AA87E7E4314F25E92628A32425FB646CED55706C4F09AA9C1D17829F1-4 with TruncationState(offset=0, completed=true) due to local high watermark 0 (kafka.server.ReplicaFetcherThread)
kafka2-1  | [2026-03-17 13:18:01,477] INFO [UnifiedLog partition=668AA87E7E4314F25E92628A32425FB646CED55706C4F09AA9C1D17829F1-4, dir=/tmp/kafka-logs] Truncating to 0 has no effect as the largest offset in the log is -1 (org.apache.kafka.storage.internals.log.UnifiedLog)
kafka2-1  | [2026-03-17 13:18:06,229] INFO [GroupCoordinator id=3 topic=__consumer_offsets partition=20] [GroupId A0E3_SimulatorGroup1] Member cb2aa15d-b761-43af-bfb4-73fd757d4985 joins the consumer group using the consumer protocol. (org.apache.kafka.coordinator.group.GroupMetadataManager)
kafka2-1  | [2026-03-17 13:18:06,230] INFO [GroupCoordinator id=3 topic=__consumer_offsets partition=20] [GroupId A0E3_SimulatorGroup1] Bumped group epoch to 1 with metadata hash 8003030722071340767. (org.apache.kafka.coordinator.group.GroupMetadataManager)
kafka2-1  | [2026-03-17 13:18:06,230] INFO [GroupCoordinator id=3 topic=__consumer_offsets partition=20] [GroupId A0E3_SimulatorGroup1] Computed a new target assignment for epoch 1 with 'uniform' assignor in 0ms. (org.apache.kafka.coordinator.group.GroupMetadataManager)
kafka2-1  | [2026-03-17 13:18:06,231] INFO [GroupCoordinator id=3 topic=__consumer_offsets partition=20] [GroupId A0E3_SimulatorGroup1] Member 70528458-09d4-4d37-82c2-500fbb8165f9 joins the consumer group using the consumer protocol. (org.apache.kafka.coordinator.group.GroupMetadataManager)
kafka2-1  | [2026-03-17 13:18:06,231] INFO [GroupCoordinator id=3 topic=__consumer_offsets partition=20] [GroupId A0E3_SimulatorGroup1] Bumped group epoch to 2 with metadata hash 8003030722071340767. (org.apache.kafka.coordinator.group.GroupMetadataManager)
kafka2-1  | [2026-03-17 13:18:06,233] INFO [GroupCoordinator id=3 topic=__consumer_offsets partition=20] [GroupId A0E3_SimulatorGroup1] Computed a new target assignment for epoch 2 with 'uniform' assignor in 1ms. (org.apache.kafka.coordinator.group.GroupMetadataManager)
kafka2-1  | [2026-03-17 13:18:06,247] INFO [GroupCoordinator id=3 topic=__consumer_offsets partition=20] [GroupId A0E3_SimulatorGroup1] Member 4d3127fa-cf35-4915-8d24-5e0bb49de090 joins the consumer group using the consumer protocol. (org.apache.kafka.coordinator.group.GroupMetadataManager)
kafka2-1  | [2026-03-17 13:18:06,248] INFO [GroupCoordinator id=3 topic=__consumer_offsets partition=20] [GroupId A0E3_SimulatorGroup1] Bumped group epoch to 3 with metadata hash 8003030722071340767. (org.apache.kafka.coordinator.group.GroupMetadataManager)
kafka2-1  | [2026-03-17 13:18:06,248] INFO [GroupCoordinator id=3 topic=__consumer_offsets partition=20] [GroupId A0E3_SimulatorGroup1] Computed a new target assignment for epoch 3 with 'uniform' assignor in 0ms. (org.apache.kafka.coordinator.group.GroupMetadataManager)
kafka2-1  | [2026-03-17 13:18:06,278] INFO [GroupCoordinator id=3 topic=__consumer_offsets partition=20] [GroupId A0E3_SimulatorGroup1] Member 46cb4646-8a14-4bdb-870a-81c98160aa3f joins the consumer group using the consumer protocol. (org.apache.kafka.coordinator.group.GroupMetadataManager)
kafka2-1  | [2026-03-17 13:18:06,279] INFO [GroupCoordinator id=3 topic=__consumer_offsets partition=20] [GroupId A0E3_SimulatorGroup1] Bumped group epoch to 4 with metadata hash 8003030722071340767. (org.apache.kafka.coordinator.group.GroupMetadataManager)
kafka2-1  | [2026-03-17 13:18:06,280] INFO [GroupCoordinator id=3 topic=__consumer_offsets partition=20] [GroupId A0E3_SimulatorGroup1] Computed a new target assignment for epoch 4 with 'uniform' assignor in 1ms. (org.apache.kafka.coordinator.group.GroupMetadataManager)
kafka2-1  | [2026-03-17 13:18:06,308] INFO [GroupCoordinator id=3 topic=__consumer_offsets partition=20] [GroupId A0E3_SimulatorGroup1] Member 1b7eab86-2a81-4281-b747-ba88411b887e joins the consumer group using the consumer protocol. (org.apache.kafka.coordinator.group.GroupMetadataManager)
kafka2-1  | [2026-03-17 13:18:06,308] INFO [GroupCoordinator id=3 topic=__consumer_offsets partition=20] [GroupId A0E3_SimulatorGroup1] Bumped group epoch to 5 with metadata hash 8003030722071340767. (org.apache.kafka.coordinator.group.GroupMetadataManager)
kafka2-1  | [2026-03-17 13:18:06,309] INFO [GroupCoordinator id=3 topic=__consumer_offsets partition=20] [GroupId A0E3_SimulatorGroup1] Computed a new target assignment for epoch 5 with 'uniform' assignor in 1ms. (org.apache.kafka.coordinator.group.GroupMetadataManager)
kafka2-1  | [2026-03-17 13:18:06,387] INFO [GroupCoordinator id=3 topic=__consumer_offsets partition=20] [GroupId A0E3_SimulatorGroup1] Member 2ff2cfee-7894-401f-9f08-971b432dd4b7 joins the consumer group using the consumer protocol. (org.apache.kafka.coordinator.group.GroupMetadataManager)
kafka2-1  | [2026-03-17 13:18:06,388] INFO [GroupCoordinator id=3 topic=__consumer_offsets partition=20] [GroupId A0E3_SimulatorGroup1] Bumped group epoch to 6 with metadata hash 8003030722071340767. (org.apache.kafka.coordinator.group.GroupMetadataManager)
kafka2-1  | [2026-03-17 13:18:06,388] INFO [GroupCoordinator id=3 topic=__consumer_offsets partition=20] [GroupId A0E3_SimulatorGroup1] Computed a new target assignment for epoch 6 with 'uniform' assignor in 0ms. (org.apache.kafka.coordinator.group.GroupMetadataManager)
kafka2-1  | [2026-03-17 13:19:36,509] INFO [LocalLog partition=EADDB46635E9EF0371C8FD75EBE5C08623934BEFCF4948AEEC379D851784-1, dir=/tmp/kafka-logs/EADDB46635E9EF0371C8FD75EBE5C08623934BEFCF4948AEEC379D851784-1] Rolled new log segment at offset 64877 in 4 ms. (org.apache.kafka.storage.internals.log.LocalLog)
kafka2-1  | [2026-03-17 13:19:36,509] INFO [ProducerStateManager partition=EADDB46635E9EF0371C8FD75EBE5C08623934BEFCF4948AEEC379D851784-1] Wrote producer snapshot at offset 64877 with 2 producer ids in 0 ms. (org.apache.kafka.storage.internals.log.ProducerStateManager)
kafka2-1  | [2026-03-17 13:19:36,509] INFO [UnifiedLog partition=EADDB46635E9EF0371C8FD75EBE5C08623934BEFCF4948AEEC379D851784-1, dir=/tmp/kafka-logs] Incremented log start offset to 64877 due to segment deletion (org.apache.kafka.storage.internals.log.UnifiedLog)
kafka2-1  | [2026-03-17 13:19:36,509] INFO [UnifiedLog partition=EADDB46635E9EF0371C8FD75EBE5C08623934BEFCF4948AEEC379D851784-1, dir=/tmp/kafka-logs] Deleting segment LogSegment(baseOffset=0, size=12316289, lastModifiedTime=1773749967991, largestRecordTimestamp=1773749967991) due to log retention time 3600000ms breach based on the largest record timestamp in the segment (org.apache.kafka.storage.internals.log.UnifiedLog)
kafka3-1  | [2026-03-17 13:19:36,514] INFO [UnifiedLog partition=EADDB46635E9EF0371C8FD75EBE5C08623934BEFCF4948AEEC379D851784-1, dir=/tmp/kafka-logs] Incremented log start offset to 64877 due to leader offset increment (org.apache.kafka.storage.internals.log.UnifiedLog)
kafka2-1  | [2026-03-17 13:19:36,513] INFO [LocalLog partition=EADDB46635E9EF0371C8FD75EBE5C08623934BEFCF4948AEEC379D851784-0, dir=/tmp/kafka-logs/EADDB46635E9EF0371C8FD75EBE5C08623934BEFCF4948AEEC379D851784-0] Rolled new log segment at offset 65005 in 3 ms. (org.apache.kafka.storage.internals.log.LocalLog)
kafka2-1  | [2026-03-17 13:19:36,514] INFO [ProducerStateManager partition=EADDB46635E9EF0371C8FD75EBE5C08623934BEFCF4948AEEC379D851784-0] Wrote producer snapshot at offset 65005 with 2 producer ids in 0 ms. (org.apache.kafka.storage.internals.log.ProducerStateManager)
kafka2-1  | [2026-03-17 13:19:36,514] INFO [UnifiedLog partition=EADDB46635E9EF0371C8FD75EBE5C08623934BEFCF4948AEEC379D851784-0, dir=/tmp/kafka-logs] Incremented log start offset to 65005 due to segment deletion (org.apache.kafka.storage.internals.log.UnifiedLog)
kafka2-1  | [2026-03-17 13:19:36,514] INFO [UnifiedLog partition=EADDB46635E9EF0371C8FD75EBE5C08623934BEFCF4948AEEC379D851784-0, dir=/tmp/kafka-logs] Deleting segment LogSegment(baseOffset=0, size=12340682, lastModifiedTime=1773749967977, largestRecordTimestamp=1773749967972) due to log retention time 3600000ms breach based on the largest record timestamp in the segment (org.apache.kafka.storage.internals.log.UnifiedLog)
kafka2-1  | [2026-03-17 13:19:36,521] INFO [LocalLog partition=3653A6A35F08E2979383E61BC1E27E179CB807A3981461844232E015C93D-4, dir=/tmp/kafka-logs/3653A6A35F08E2979383E61BC1E27E179CB807A3981461844232E015C93D-4] Rolled new log segment at offset 16430 in 1 ms. (org.apache.kafka.storage.internals.log.LocalLog)
kafka2-1  | [2026-03-17 13:19:36,521] INFO [ProducerStateManager partition=3653A6A35F08E2979383E61BC1E27E179CB807A3981461844232E015C93D-4] Wrote producer snapshot at offset 16430 with 2 producer ids in 0 ms. (org.apache.kafka.storage.internals.log.ProducerStateManager)
kafka2-1  | [2026-03-17 13:19:36,521] INFO [UnifiedLog partition=3653A6A35F08E2979383E61BC1E27E179CB807A3981461844232E015C93D-4, dir=/tmp/kafka-logs] Incremented log start offset to 16430 due to segment deletion (org.apache.kafka.storage.internals.log.UnifiedLog)
kafka2-1  | [2026-03-17 13:19:36,521] INFO [UnifiedLog partition=3653A6A35F08E2979383E61BC1E27E179CB807A3981461844232E015C93D-4, dir=/tmp/kafka-logs] Deleting segment LogSegment(baseOffset=0, size=3408130, lastModifiedTime=1773749967707, largestRecordTimestamp=1773749967683) due to log retention time 3600000ms breach based on the largest record timestamp in the segment (org.apache.kafka.storage.internals.log.UnifiedLog)
kafka2-1  | [2026-03-17 13:19:36,525] INFO [LocalLog partition=3653A6A35F08E2979383E61BC1E27E179CB807A3981461844232E015C93D-5, dir=/tmp/kafka-logs/3653A6A35F08E2979383E61BC1E27E179CB807A3981461844232E015C93D-5] Rolled new log segment at offset 16161 in 2 ms. (org.apache.kafka.storage.internals.log.LocalLog)
kafka2-1  | [2026-03-17 13:19:36,525] INFO [ProducerStateManager partition=3653A6A35F08E2979383E61BC1E27E179CB807A3981461844232E015C93D-5] Wrote producer snapshot at offset 16161 with 2 producer ids in 1 ms. (org.apache.kafka.storage.internals.log.ProducerStateManager)
kafka2-1  | [2026-03-17 13:19:36,525] INFO [UnifiedLog partition=3653A6A35F08E2979383E61BC1E27E179CB807A3981461844232E015C93D-5, dir=/tmp/kafka-logs] Incremented log start offset to 16161 due to segment deletion (org.apache.kafka.storage.internals.log.UnifiedLog)
kafka2-1  | [2026-03-17 13:19:36,525] INFO [UnifiedLog partition=3653A6A35F08E2979383E61BC1E27E179CB807A3981461844232E015C93D-5, dir=/tmp/kafka-logs] Deleting segment LogSegment(baseOffset=0, size=3361870, lastModifiedTime=1773749967271, largestRecordTimestamp=1773749967271) due to log retention time 3600000ms breach based on the largest record timestamp in the segment (org.apache.kafka.storage.internals.log.UnifiedLog)
kafka1-1  | [2026-03-17 13:19:36,528] INFO [UnifiedLog partition=3653A6A35F08E2979383E61BC1E27E179CB807A3981461844232E015C93D-5, dir=/tmp/kafka-logs] Incremented log start offset to 16161 due to leader offset increment (org.apache.kafka.storage.internals.log.UnifiedLog)
kafka2-1  | [2026-03-17 13:19:36,529] INFO [LocalLog partition=3653A6A35F08E2979383E61BC1E27E179CB807A3981461844232E015C93D-6, dir=/tmp/kafka-logs/3653A6A35F08E2979383E61BC1E27E179CB807A3981461844232E015C93D-6] Rolled new log segment at offset 16325 in 4 ms. (org.apache.kafka.storage.internals.log.LocalLog)
kafka2-1  | [2026-03-17 13:19:36,529] INFO [ProducerStateManager partition=3653A6A35F08E2979383E61BC1E27E179CB807A3981461844232E015C93D-6] Wrote producer snapshot at offset 16325 with 2 producer ids in 0 ms. (org.apache.kafka.storage.internals.log.ProducerStateManager)
kafka2-1  | [2026-03-17 13:19:36,529] INFO [UnifiedLog partition=3653A6A35F08E2979383E61BC1E27E179CB807A3981461844232E015C93D-6, dir=/tmp/kafka-logs] Incremented log start offset to 16325 due to segment deletion (org.apache.kafka.storage.internals.log.UnifiedLog)
kafka2-1  | [2026-03-17 13:19:36,529] INFO [UnifiedLog partition=3653A6A35F08E2979383E61BC1E27E179CB807A3981461844232E015C93D-6, dir=/tmp/kafka-logs] Deleting segment LogSegment(baseOffset=0, size=3390391, lastModifiedTime=1773749967271, largestRecordTimestamp=1773749967271) due to log retention time 3600000ms breach based on the largest record timestamp in the segment (org.apache.kafka.storage.internals.log.UnifiedLog)
kafka2-1  | [2026-03-17 13:19:36,532] INFO [LocalLog partition=3653A6A35F08E2979383E61BC1E27E179CB807A3981461844232E015C93D-0, dir=/tmp/kafka-logs/3653A6A35F08E2979383E61BC1E27E179CB807A3981461844232E015C93D-0] Rolled new log segment at offset 16241 in 1 ms. (org.apache.kafka.storage.internals.log.LocalLog)
kafka2-1  | [2026-03-17 13:19:36,532] INFO [ProducerStateManager partition=3653A6A35F08E2979383E61BC1E27E179CB807A3981461844232E015C93D-0] Wrote producer snapshot at offset 16241 with 2 producer ids in 0 ms. (org.apache.kafka.storage.internals.log.ProducerStateManager)
kafka2-1  | [2026-03-17 13:19:36,532] INFO [UnifiedLog partition=3653A6A35F08E2979383E61BC1E27E179CB807A3981461844232E015C93D-0, dir=/tmp/kafka-logs] Incremented log start offset to 16241 due to segment deletion (org.apache.kafka.storage.internals.log.UnifiedLog)
kafka2-1  | [2026-03-17 13:19:36,532] INFO [UnifiedLog partition=3653A6A35F08E2979383E61BC1E27E179CB807A3981461844232E015C93D-0, dir=/tmp/kafka-logs] Deleting segment LogSegment(baseOffset=0, size=3381767, lastModifiedTime=1773749967748, largestRecordTimestamp=1773749967716) due to log retention time 3600000ms breach based on the largest record timestamp in the segment (org.apache.kafka.storage.internals.log.UnifiedLog)
kafka1-1  | [2026-03-17 13:19:36,533] INFO [UnifiedLog partition=3653A6A35F08E2979383E61BC1E27E179CB807A3981461844232E015C93D-6, dir=/tmp/kafka-logs] Incremented log start offset to 16325 due to leader offset increment (org.apache.kafka.storage.internals.log.UnifiedLog)
kafka2-1  | [2026-03-17 13:19:36,538] INFO [LocalLog partition=3653A6A35F08E2979383E61BC1E27E179CB807A3981461844232E015C93D-1, dir=/tmp/kafka-logs/3653A6A35F08E2979383E61BC1E27E179CB807A3981461844232E015C93D-1] Rolled new log segment at offset 16121 in 5 ms. (org.apache.kafka.storage.internals.log.LocalLog)
kafka2-1  | [2026-03-17 13:19:36,538] INFO [ProducerStateManager partition=3653A6A35F08E2979383E61BC1E27E179CB807A3981461844232E015C93D-1] Wrote producer snapshot at offset 16121 with 2 producer ids in 0 ms. (org.apache.kafka.storage.internals.log.ProducerStateManager)
kafka2-1  | [2026-03-17 13:19:36,538] INFO [UnifiedLog partition=3653A6A35F08E2979383E61BC1E27E179CB807A3981461844232E015C93D-1, dir=/tmp/kafka-logs] Incremented log start offset to 16121 due to segment deletion (org.apache.kafka.storage.internals.log.UnifiedLog)
kafka2-1  | [2026-03-17 13:19:36,538] INFO [UnifiedLog partition=3653A6A35F08E2979383E61BC1E27E179CB807A3981461844232E015C93D-1, dir=/tmp/kafka-logs] Deleting segment LogSegment(baseOffset=0, size=3354851, lastModifiedTime=1773749967717, largestRecordTimestamp=1773749967716) due to log retention time 3600000ms breach based on the largest record timestamp in the segment (org.apache.kafka.storage.internals.log.UnifiedLog)
kafka3-1  | [2026-03-17 13:19:36,545] INFO [UnifiedLog partition=3653A6A35F08E2979383E61BC1E27E179CB807A3981461844232E015C93D-1, dir=/tmp/kafka-logs] Incremented log start offset to 16121 due to leader offset increment (org.apache.kafka.storage.internals.log.UnifiedLog)
kafka2-1  | [2026-03-17 13:19:36,548] INFO [LocalLog partition=ACA131B32726D5097EFDE5C591606DE5105727CCCD712F99EA30F8977662-2, dir=/tmp/kafka-logs/ACA131B32726D5097EFDE5C591606DE5105727CCCD712F99EA30F8977662-2] Rolled new log segment at offset 16745 in 5 ms. (org.apache.kafka.storage.internals.log.LocalLog)
kafka2-1  | [2026-03-17 13:19:36,548] INFO [ProducerStateManager partition=ACA131B32726D5097EFDE5C591606DE5105727CCCD712F99EA30F8977662-2] Wrote producer snapshot at offset 16745 with 2 producer ids in 0 ms. (org.apache.kafka.storage.internals.log.ProducerStateManager)
kafka2-1  | [2026-03-17 13:19:36,548] INFO [UnifiedLog partition=ACA131B32726D5097EFDE5C591606DE5105727CCCD712F99EA30F8977662-2, dir=/tmp/kafka-logs] Incremented log start offset to 16745 due to segment deletion (org.apache.kafka.storage.internals.log.UnifiedLog)
kafka2-1  | [2026-03-17 13:19:36,548] INFO [UnifiedLog partition=ACA131B32726D5097EFDE5C591606DE5105727CCCD712F99EA30F8977662-2, dir=/tmp/kafka-logs] Deleting segment LogSegment(baseOffset=0, size=3475755, lastModifiedTime=1773749967925, largestRecordTimestamp=1773749967901) due to log retention time 3600000ms breach based on the largest record timestamp in the segment (org.apache.kafka.storage.internals.log.UnifiedLog)
kafka3-1  | [2026-03-17 13:19:36,550] INFO [LocalLog partition=EADDB46635E9EF0371C8FD75EBE5C08623934BEFCF4948AEEC379D851784-1, dir=/tmp/kafka-logs/EADDB46635E9EF0371C8FD75EBE5C08623934BEFCF4948AEEC379D851784-1] Rolled new log segment at offset 64877 in 1 ms. (org.apache.kafka.storage.internals.log.LocalLog)
kafka3-1  | [2026-03-17 13:19:36,550] INFO [UnifiedLog partition=EADDB46635E9EF0371C8FD75EBE5C08623934BEFCF4948AEEC379D851784-1, dir=/tmp/kafka-logs] Deleting segment LogSegment(baseOffset=0, size=12316289, lastModifiedTime=1773749967997, largestRecordTimestamp=1773749967991) due to log retention time 3600000ms breach based on the largest record timestamp in the segment (org.apache.kafka.storage.internals.log.UnifiedLog)
kafka2-1  | [2026-03-17 13:19:36,553] INFO [LocalLog partition=ACA131B32726D5097EFDE5C591606DE5105727CCCD712F99EA30F8977662-0, dir=/tmp/kafka-logs/ACA131B32726D5097EFDE5C591606DE5105727CCCD712F99EA30F8977662-0] Rolled new log segment at offset 16526 in 4 ms. (org.apache.kafka.storage.internals.log.LocalLog)
kafka2-1  | [2026-03-17 13:19:36,553] INFO [ProducerStateManager partition=ACA131B32726D5097EFDE5C591606DE5105727CCCD712F99EA30F8977662-0] Wrote producer snapshot at offset 16526 with 2 producer ids in 0 ms. (org.apache.kafka.storage.internals.log.ProducerStateManager)
kafka2-1  | [2026-03-17 13:19:36,553] INFO [UnifiedLog partition=ACA131B32726D5097EFDE5C591606DE5105727CCCD712F99EA30F8977662-0, dir=/tmp/kafka-logs] Incremented log start offset to 16526 due to segment deletion (org.apache.kafka.storage.internals.log.UnifiedLog)
kafka2-1  | [2026-03-17 13:19:36,553] INFO [UnifiedLog partition=ACA131B32726D5097EFDE5C591606DE5105727CCCD712F99EA30F8977662-0, dir=/tmp/kafka-logs] Deleting segment LogSegment(baseOffset=0, size=3429936, lastModifiedTime=1773749967975, largestRecordTimestamp=1773749967975) due to log retention time 3600000ms breach based on the largest record timestamp in the segment (org.apache.kafka.storage.internals.log.UnifiedLog)
kafka2-1  | [2026-03-17 13:19:36,558] INFO [LocalLog partition=ACA131B32726D5097EFDE5C591606DE5105727CCCD712F99EA30F8977662-6, dir=/tmp/kafka-logs/ACA131B32726D5097EFDE5C591606DE5105727CCCD712F99EA30F8977662-6] Rolled new log segment at offset 16669 in 4 ms. (org.apache.kafka.storage.internals.log.LocalLog)
kafka2-1  | [2026-03-17 13:19:36,558] INFO [ProducerStateManager partition=ACA131B32726D5097EFDE5C591606DE5105727CCCD712F99EA30F8977662-6] Wrote producer snapshot at offset 16669 with 2 producer ids in 0 ms. (org.apache.kafka.storage.internals.log.ProducerStateManager)
kafka2-1  | [2026-03-17 13:19:36,558] INFO [UnifiedLog partition=ACA131B32726D5097EFDE5C591606DE5105727CCCD712F99EA30F8977662-6, dir=/tmp/kafka-logs] Incremented log start offset to 16669 due to segment deletion (org.apache.kafka.storage.internals.log.UnifiedLog)
kafka2-1  | [2026-03-17 13:19:36,558] INFO [UnifiedLog partition=ACA131B32726D5097EFDE5C591606DE5105727CCCD712F99EA30F8977662-6, dir=/tmp/kafka-logs] Deleting segment LogSegment(baseOffset=0, size=3455928, lastModifiedTime=1773749968034, largestRecordTimestamp=1773749968034) due to log retention time 3600000ms breach based on the largest record timestamp in the segment (org.apache.kafka.storage.internals.log.UnifiedLog)
kafka3-1  | [2026-03-17 13:19:36,558] INFO [LocalLog partition=3653A6A35F08E2979383E61BC1E27E179CB807A3981461844232E015C93D-4, dir=/tmp/kafka-logs/3653A6A35F08E2979383E61BC1E27E179CB807A3981461844232E015C93D-4] Rolled new log segment at offset 16430 in 1 ms. (org.apache.kafka.storage.internals.log.LocalLog)
kafka3-1  | [2026-03-17 13:19:36,558] INFO [ProducerStateManager partition=3653A6A35F08E2979383E61BC1E27E179CB807A3981461844232E015C93D-4] Wrote producer snapshot at offset 16430 with 2 producer ids in 0 ms. (org.apache.kafka.storage.internals.log.ProducerStateManager)
kafka3-1  | [2026-03-17 13:19:36,558] INFO [UnifiedLog partition=3653A6A35F08E2979383E61BC1E27E179CB807A3981461844232E015C93D-4, dir=/tmp/kafka-logs] Incremented log start offset to 16430 due to segment deletion (org.apache.kafka.storage.internals.log.UnifiedLog)
kafka3-1  | [2026-03-17 13:19:36,559] INFO [UnifiedLog partition=3653A6A35F08E2979383E61BC1E27E179CB807A3981461844232E015C93D-4, dir=/tmp/kafka-logs] Deleting segment LogSegment(baseOffset=0, size=3408130, lastModifiedTime=1773749967704, largestRecordTimestamp=1773749967683) due to log retention time 3600000ms breach based on the largest record timestamp in the segment (org.apache.kafka.storage.internals.log.UnifiedLog)
kafka3-1  | [2026-03-17 13:19:36,561] INFO [LocalLog partition=3653A6A35F08E2979383E61BC1E27E179CB807A3981461844232E015C93D-7, dir=/tmp/kafka-logs/3653A6A35F08E2979383E61BC1E27E179CB807A3981461844232E015C93D-7] Rolled new log segment at offset 16559 in 2 ms. (org.apache.kafka.storage.internals.log.LocalLog)
kafka3-1  | [2026-03-17 13:19:36,562] INFO [ProducerStateManager partition=3653A6A35F08E2979383E61BC1E27E179CB807A3981461844232E015C93D-7] Wrote producer snapshot at offset 16559 with 2 producer ids in 0 ms. (org.apache.kafka.storage.internals.log.ProducerStateManager)
kafka3-1  | [2026-03-17 13:19:36,562] INFO [UnifiedLog partition=3653A6A35F08E2979383E61BC1E27E179CB807A3981461844232E015C93D-7, dir=/tmp/kafka-logs] Incremented log start offset to 16559 due to segment deletion (org.apache.kafka.storage.internals.log.UnifiedLog)
kafka3-1  | [2026-03-17 13:19:36,562] INFO [UnifiedLog partition=3653A6A35F08E2979383E61BC1E27E179CB807A3981461844232E015C93D-7, dir=/tmp/kafka-logs] Deleting segment LogSegment(baseOffset=0, size=3435821, lastModifiedTime=1773749967226, largestRecordTimestamp=1773749967184) due to log retention time 3600000ms breach based on the largest record timestamp in the segment (org.apache.kafka.storage.internals.log.UnifiedLog)
kafka2-1  | [2026-03-17 13:19:36,563] INFO [LocalLog partition=ACA131B32726D5097EFDE5C591606DE5105727CCCD712F99EA30F8977662-4, dir=/tmp/kafka-logs/ACA131B32726D5097EFDE5C591606DE5105727CCCD712F99EA30F8977662-4] Rolled new log segment at offset 16413 in 4 ms. (org.apache.kafka.storage.internals.log.LocalLog)
kafka2-1  | [2026-03-17 13:19:36,563] INFO [ProducerStateManager partition=ACA131B32726D5097EFDE5C591606DE5105727CCCD712F99EA30F8977662-4] Wrote producer snapshot at offset 16413 with 2 producer ids in 0 ms. (org.apache.kafka.storage.internals.log.ProducerStateManager)
